Component: ARM Compiler 5.05 update 1 (build 106) Tool: armlink [4d0efa]

==============================================================================

Section Cross References

    main.o(i.Display_function) refers to _printf_percent.o(.ARM.Collect$$_printf_percent$$00000000) for _printf_percent
    main.o(i.Display_function) refers to _printf_d.o(.ARM.Collect$$_printf_percent$$00000009) for _printf_d
    main.o(i.Display_function) refers to _printf_dec.o(.text) for _printf_int_dec
    main.o(i.Display_function) refers to _printf_pad.o(.text) for _printf_pre_padding
    main.o(i.Display_function) refers to oled.o(i.Oled_ShowString) for Oled_ShowString
    main.o(i.Display_function) refers to __2sprintf.o(.text) for __2sprintf
    main.o(i.Display_function) refers to oled.o(i.Oled_ShowCHinese) for Oled_ShowCHinese
    main.o(i.Display_function) refers to main.o(.data) for flag_display
    main.o(i.Display_function) refers to main.o(.bss) for display_buf
    main.o(i.Key_function) refers to key.o(i.Chiclet_Keyboard_Scan) for Chiclet_Keyboard_Scan
    main.o(i.Key_function) refers to oled.o(i.Oled_Clear_All) for Oled_Clear_All
    main.o(i.Key_function) refers to main.o(.data) for key_num
    main.o(i.Key_function) refers to timer.o(.data) for pwm_value
    main.o(i.Manage_function) refers to delay.o(i.Delay_us) for Delay_us
    main.o(i.Manage_function) refers to usart.o(i.UsartPrintf) for UsartPrintf
    main.o(i.Manage_function) refers to motor_bujin.o(i.Motor_Reversal) for Motor_Reversal
    main.o(i.Manage_function) refers to motor_bujin.o(i.Motor_Foreward) for Motor_Foreward
    main.o(i.Manage_function) refers to motor_bujin.o(i.Motor_Foreward1) for Motor_Foreward1
    main.o(i.Manage_function) refers to motor_bujin.o(i.Motor_Reversal1) for Motor_Reversal1
    main.o(i.Manage_function) refers to main.o(.data) for flag_display
    main.o(i.Manage_function) refers to timer.o(.data) for flag_timer_begin
    main.o(i.Monitor_function) refers to adc.o(i.Get_Adc_Average) for Get_Adc_Average
    main.o(i.Monitor_function) refers to dflt_clz.o(x$fpl$dfltu) for __aeabi_ui2d
    main.o(i.Monitor_function) refers to ddiv.o(x$fpl$ddiv) for __aeabi_ddiv
    main.o(i.Monitor_function) refers to dmul.o(x$fpl$dmul) for __aeabi_dmul
    main.o(i.Monitor_function) refers to dfixu.o(x$fpl$dfixu) for __aeabi_d2uiz
    main.o(i.Monitor_function) refers to hc-sr04.o(i.Hcsr04_GetDistance) for Hcsr04_GetDistance
    main.o(i.Monitor_function) refers to dht11.o(i.Dht11_Get_Temp_Humi_Value) for Dht11_Get_Temp_Humi_Value
    main.o(i.Monitor_function) refers to main.o(.data) for flag_display
    main.o(i.main) refers to misc.o(i.NVIC_PriorityGroupConfig) for NVIC_PriorityGroupConfig
    main.o(i.main) refers to delay.o(i.Delay_Init) for Delay_Init
    main.o(i.main) refers to gpio.o(i.Gpio_Init) for Gpio_Init
    main.o(i.main) refers to key.o(i.Key_Init) for Key_Init
    main.o(i.main) refers to oled.o(i.Oled_Init) for Oled_Init
    main.o(i.main) refers to oled.o(i.Oled_Clear_All) for Oled_Clear_All
    main.o(i.main) refers to usart.o(i.Usart2_Init) for Usart2_Init
    main.o(i.main) refers to timer.o(i.TIM2_Init) for TIM2_Init
    main.o(i.main) refers to motor_bujin.o(i.Motor_Bujin_Init) for Motor_Bujin_Init
    main.o(i.main) refers to dht11.o(i.DHT11_Init) for DHT11_Init
    main.o(i.main) refers to adc.o(i.Adc_Init) for Adc_Init
    main.o(i.main) refers to hc-sr04.o(i.HC_SR04_Init) for HC_SR04_Init
    main.o(i.main) refers to main.o(i.Key_function) for Key_function
    main.o(i.main) refers to main.o(i.Monitor_function) for Monitor_function
    main.o(i.main) refers to main.o(i.Display_function) for Display_function
    main.o(i.main) refers to main.o(i.Manage_function) for Manage_function
    main.o(i.main) refers to delay.o(i.Delay_ms) for Delay_ms
    main.o(i.main) refers to main.o(.data) for time_num
    system_stm32f10x.o(i.SetSysClock) refers to system_stm32f10x.o(i.SetSysClockTo72) for SetSysClockTo72
    system_stm32f10x.o(i.SystemCoreClockUpdate) refers to system_stm32f10x.o(.data) for SystemCoreClock
    system_stm32f10x.o(i.SystemInit) refers to system_stm32f10x.o(i.SetSysClock) for SetSysClock
    gpio.o(i.Gpio_Init) refers to stm32f10x_rcc.o(i.RCC_APB2PeriphClockCmd) for RCC_APB2PeriphClockCmd
    gpio.o(i.Gpio_Init) refers to stm32f10x_gpio.o(i.GPIO_Init) for GPIO_Init
    gpio.o(i.Gpio_Init) refers to stm32f10x_gpio.o(i.GPIO_SetBits) for GPIO_SetBits
    gpio.o(i.Gpio_Init) refers to stm32f10x_gpio.o(i.GPIO_ResetBits) for GPIO_ResetBits
    key.o(i.Chiclet_Keyboard_Scan) refers to delay.o(i.Delay_ms) for Delay_ms
    key.o(i.Chiclet_Keyboard_Scan) refers to key.o(.data) for key_up
    key.o(i.Key_Init) refers to stm32f10x_rcc.o(i.RCC_APB2PeriphClockCmd) for RCC_APB2PeriphClockCmd
    key.o(i.Key_Init) refers to stm32f10x_gpio.o(i.GPIO_Init) for GPIO_Init
    key.o(i.Key_Init) refers to stm32f10x_gpio.o(i.GPIO_SetBits) for GPIO_SetBits
[...]
    i.ADC_StartCalibration                   0x080019f8   Section        0  stm32f10x_adc.o(i.ADC_StartCalibration)
    i.Adc_Init                               0x08001a04   Section        0  adc.o(i.Adc_Init)
    i.BusFault_Handler                       0x08001a90   Section        0  stm32f10x_it.o(i.BusFault_Handler)
    i.Chiclet_Keyboard_Scan                  0x08001a94   Section        0  key.o(i.Chiclet_Keyboard_Scan)
    i.DHT11_Check                            0x08001b90   Section        0  dht11.o(i.DHT11_Check)
    i.DHT11_GPIO_IN                          0x08001be0   Section        0  dht11.o(i.DHT11_GPIO_IN)
    i.DHT11_GPIO_OUT                         0x08001c0c   Section        0  dht11.o(i.DHT11_GPIO_OUT)
    i.DHT11_Init                             0x08001c38   Section        0  dht11.o(i.DHT11_Init)
    i.DHT11_Read_Bit                         0x08001c78   Section        0  dht11.o(i.DHT11_Read_Bit)
    i.DHT11_Read_Byte                        0x08001cc4   Section        0  dht11.o(i.DHT11_Read_Byte)
    i.DHT11_Rst                              0x08001ce4   Section        0  dht11.o(i.DHT11_Rst)
    i.DebugMon_Handler                       0x08001d10   Section        0  stm32f10x_it.o(i.DebugMon_Handler)
    i.Delay_Init                             0x08001d14   Section        0  delay.o(i.Delay_Init)
    i.Delay_ms                               0x08001d58   Section        0  delay.o(i.Delay_ms)
    i.Delay_us                               0x08001da4   Section        0  delay.o(i.Delay_us)
    i.Dht11_Get_Temp_Humi_Value              0x08001df0   Section        0  dht11.o(i.Dht11_Get_Temp_Humi_Value)
    i.Display_function                       0x08001e58   Section        0  main.o(i.Display_function)
    i.GPIO_Init                              0x080023fc   Section        0  stm32f10x_gpio.o(i.GPIO_Init)
    i.GPIO_ReadInputDataBit                  0x08002512   Section        0  stm32f10x_gpio.o(i.GPIO_ReadInputDataBit)
    i.GPIO_ResetBits                         0x08002524   Section        0  stm32f10x_gpio.o(i.GPIO_ResetBits)
    i.GPIO_SetBits                           0x08002528   Section        0  stm32f10x_gpio.o(i.GPIO_SetBits)
    i.Get_Adc                                0x0800252c   Section        0  adc.o(i.Get_Adc)
    i.Get_Adc_Average                        0x08002560   Section        0  adc.o(i.Get_Adc_Average)
    i.Gpio_Init                              0x08002590   Section        0  gpio.o(i.Gpio_Init)
    i.HC_SR04_Init                           0x08002604   Section        0  hc-sr04.o(i.HC_SR04_Init)
    i.HardFault_Handler                      0x080026d8   Section        0  stm32f10x_it.o(i.HardFault_Handler)
    i.Hcsr04_GetDistance                     0x080026dc   Section        0  hc-sr04.o(i.Hcsr04_GetDistance)
    i.Key_Init                               0x08002804   Section        0  key.o(i.Key_Init)
    i.Key_function                           0x08002918   Section        0  main.o(i.Key_function)
    i.Manage_function                        0x08002c4c   Section        0  main.o(i.Manage_function)
    i.MemManage_Handler                      0x08002e4c   Section        0  stm32f10x_it.o(i.MemManage_Handler)
    i.Monitor_function                       0x08002e50   Section        0  main.o(i.Monitor_function)
    i.Motor_Bujin_Init                       0x08002edc   Section        0  motor_bujin.o(i.Motor_Bujin_Init)
    i.Motor_Foreward                         0x08003040   Section        0  motor_bujin.o(i.Motor_Foreward)
    i.Motor_Foreward1                        0x08003158   Section        0  motor_bujin.o(i.Motor_Foreward1)
    i.Motor_Reversal                         0x0800327c   Section        0  motor_bujin.o(i.Motor_Reversal)
    i.Motor_Reversal1                        0x08003394   Section        0  motor_bujin.o(i.Motor_Reversal1)
    i.NMI_Handler                            0x080034bc   Section        0  stm32f10x_it.o(i.NMI_Handler)
    i.NVIC_Init                              0x080034c0   Section        0  misc.o(i.NVIC_Init)
    i.NVIC_PriorityGroupConfig               0x08003530   Section        0  misc.o(i.NVIC_PriorityGroupConfig)
    i.Oled_Clear_All                         0x08003544   Section        0  oled.o(i.Oled_Clear_All)
    i.Oled_Delay                             0x0800357c   Section        0  oled.o(i.Oled_Delay)
    i.Oled_IIC_Start                         0x08003588   Section        0  oled.o(i.Oled_IIC_Start)
    i.Oled_IIC_Stop                          0x080035c4   Section        0  oled.o(i.Oled_IIC_Stop)
    i.Oled_Init                              0x080035f0   Section        0  oled.o(i.Oled_Init)
    i.Oled_Set_Pos                           0x080036e4   Section        0  oled.o(i.Oled_Set_Pos)
    i.Oled_ShowCHinese                       0x0800370c   Section        0  oled.o(i.Oled_ShowCHinese)
    i.Oled_ShowChar                          0x080037c4   Section        0  oled.o(i.Oled_ShowChar)
    i.Oled_ShowString                        0x08003820   Section        0  oled.o(i.Oled_ShowString)
    i.Oled_Write_IIC_Byte                    0x08003860   Section        0  oled.o(i.Oled_Write_IIC_Byte)
    i.Oled_Write_IIC_Com                     0x080038e8   Section        0  oled.o(i.Oled_Write_IIC_Com)
    i.Oled_Write_IIC_Dat                     0x08003908   Section        0  oled.o(i.Oled_Write_IIC_Dat)
    i.PendSV_Handler                         0x08003928   Section        0  stm32f10x_it.o(i.PendSV_Handler)
    i.RCC_ADCCLKConfig                       0x0800392c   Section        0  stm32f10x_rcc.o(i.RCC_ADCCLKConfig)
    i.RCC_APB1PeriphClockCmd                 0x08003944   Section        0  stm32f10x_rcc.o(i.RCC_APB1PeriphClockCmd)
    i.RCC_APB1PeriphResetCmd                 0x08003964   Section        0  stm32f10x_rcc.o(i.RCC_APB1PeriphResetCmd)
    i.RCC_APB2PeriphClockCmd                 0x08003984   Section        0  stm32f10x_rcc.o(i.RCC_APB2PeriphClockCmd)
    i.RCC_APB2PeriphResetCmd                 0x080039a4   Section        0  stm32f10x_rcc.o(i.RCC_APB2PeriphResetCmd)
    i.RCC_GetClocksFreq                      0x080039c4   Section        0  stm32f10x_rcc.o(i.RCC_GetClocksFreq)
    i.SVC_Handler                            0x08003a98   Section        0  stm32f10x_it.o(i.SVC_Handler)
    i.SetSysClock                            0x08003a9a   Section        0  system_stm32f10x.o(i.SetSysClock)
    SetSysClock                              0x08003a9b   Thumb Code     8  system_stm32f10x.o(i.SetSysClock)
    i.SetSysClockTo72                        0x08003aa4   Section        0  system_stm32f10x.o(i.SetSysClockTo72)
    SetSysClockTo72                          0x08003aa5   Thumb Code   214  system_stm32f10x.o(i.SetSysClockTo72)
    i.SysTick_CLKSourceConfig                0x08003b84   Section        0  misc.o(i.SysTick_CLKSourceConfig)
    i.SysTick_Handler                        0x08003bac   Section        0  stm32f10x_it.o(i.SysTick_Handler)
    i.SystemInit                             0x08003bb0   Section        0  system_stm32f10x.o(i.SystemInit)
    i.TIM2_IRQHandler                        0x08003c10   Section        0  timer.o(i.TIM2_IRQHandler)
    i.TIM2_Init                              0x08003ccc   Section        0  timer.o(i.TIM2_Init)
    i.TIM3_IRQHandler                        0x08003d28   Section        0  hc-sr04.o(i.TIM3_IRQHandler)
    i.TIM_ClearFlag                          0x08003d50   Section        0  stm32f10x_tim.o(i.TIM_ClearFlag)
    i.TIM_ClearITPendingBit                  0x08003d56   Section        0  stm32f10x_tim.o(i.TIM_ClearITPendingBit)
    i.TIM_Cmd                                0x08003d5c   Section        0  stm32f10x_tim.o(i.TIM_Cmd)
    i.TIM_DeInit                             0x08003d74   Section        0  stm32f10x_tim.o(i.TIM_DeInit)
    i.TIM_GetCounter                         0x08003f5c   Section        0  stm32f10x_tim.o(i.TIM_GetCounter)
    i.TIM_GetITStatus                        0x08003f62   Section        0  stm32f10x_tim.o(i.TIM_GetITStatus)
    i.TIM_ITConfig                           0x08003f84   Section        0  stm32f10x_tim.o(i.TIM_ITConfig)
    i.TIM_SetCounter                         0x08003f96   Section        0  stm32f10x_tim.o(i.TIM_SetCounter)
    i.TIM_TimeBaseInit                       0x08003f9c   Section        0  stm32f10x_tim.o(i.TIM_TimeBaseInit)
    i.USART1_IRQHandler                      0x08004040   Section        0  usart.o(i.USART1_IRQHandler)
    i.USART2_IRQHandler                      0x0800408c   Section        0  usart.o(i.USART2_IRQHandler)
    i.USART_ClearFlag                        0x080040d8   Section        0  stm32f10x_usart.o(i.USART_ClearFlag)
    i.USART_Cmd                              0x080040ea   Section        0  stm32f10x_usart.o(i.USART_Cmd)
    i.USART_GetFlagStatus                    0x08004102   Section        0  stm32f10x_usart.o(i.USART_GetFlagStatus)
    i.USART_GetITStatus                      0x0800411c   Section        0  stm32f10x_usart.o(i.USART_GetITStatus)
    i.USART_ITConfig                         0x08004170   Section        0  stm32f10x_usart.o(i.USART_ITConfig)
    i.USART_Init                             0x080041bc   Section        0  stm32f10x_usart.o(i.USART_Init)
    i.USART_SendData                         0x08004294   Section        0  stm32f10x_usart.o(i.USART_SendData)
    i.UsageFault_Handler                     0x0800429c   Section        0  stm32f10x_it.o(i.UsageFault_Handler)
    i.Usart2_Init                            0x080042a0   Section        0  usart.o(i.Usart2_Init)
    i.UsartPrintf                            0x0800434c   Section        0  usart.o(i.UsartPrintf)
    i.__ARM_fpclassify                       0x08004394   Section        0  fpclassify.o(i.__ARM_fpclassify)
    i._is_digit                              0x080043bc   Section        0  __printf_wp.o(i._is_digit)
    i.main                                   0x080043cc   Section        0  main.o(i.main)
    locale$$code                             0x08004468   Section       44  lc_numeric_c.o(locale$$code)
    locale$$code                             0x08004494   Section       44  lc_ctype_c.o(locale$$code)
    x$fpl$d2f                                0x080044c0   Section       98  d2f.o(x$fpl$d2f)
    x$fpl$dadd                               0x08004524   Section      336  daddsub_clz.o(x$fpl$dadd)
    _dadd1                                   0x08004535   Thumb Code     0  daddsub_clz.o(x$fpl$dadd)
    x$fpl$ddiv                               0x08004674   Section      688  ddiv.o(x$fpl$ddiv)
    ddiv_entry                               0x0800467b   Thumb Code     0  ddiv.o(x$fpl$ddiv)
    x$fpl$dfixu                              0x08004924   Section       90  dfixu.o(x$fpl$dfixu)
    x$fpl$dfltu                              0x0800497e   Section       38  dflt_clz.o(x$fpl$dfltu)
    x$fpl$dmul                               0x080049a4   Section      340  dmul.o(x$fpl$dmul)
    x$fpl$dnaninf                            0x08004af8   Section      156  dnaninf.o(x$fpl$dnaninf)
    x$fpl$dretinf                            0x08004b94   Section       12  dretinf.o(x$fpl$dretinf)
    x$fpl$dsub                               0x08004ba0   Section      468  daddsub_clz.o(x$fpl$dsub)
    _dsub1                                   0x08004bb1   Thumb Code     0  daddsub_clz.o(x$fpl$dsub)
    x$fpl$fdiv                               0x08004d74   Section      388  fdiv.o(x$fpl$fdiv)
    _fdiv1                                   0x08004d75   Thumb Code     0  fdiv.o(x$fpl$fdiv)
    x$fpl$ffixu                              0x08004ef8   Section       62  ffixu.o(x$fpl$ffixu)
    x$fpl$ffltu                              0x08004f38   Section       38  fflt_clz.o(x$fpl$ffltu)
    x$fpl$fmul                               0x08004f60   Section      258  fmul.o(x$fpl$fmul)
    x$fpl$fnaninf                            0x08005062   Section      140  fnaninf.o(x$fpl$fnaninf)
    x$fpl$fretinf                            0x080050ee   Section       10  fretinf.o(x$fpl$fretinf)
    x$fpl$printf1                            0x080050f8   Section        4  printf1.o(x$fpl$printf1)
    .constdata                               0x080050fc   Section     2472  oled.o(.constdata)
    x$fpl$usenofp                            0x080050fc   Section        0  usenofp.o(x$fpl$usenofp)
    .constdata                               0x08005aa4   Section       17  __printf_flags_ss_wp.o(.constdata)
    maptable                                 0x08005aa4   Data          17  __printf_flags_ss_wp.o(.constdata)
    .constdata                               0x08005ab8   Section        8  _printf_wctomb.o(.constdata)
    initial_mbstate                          0x08005ab8   Data           8  _printf_wctomb.o(.constdata)
    .constdata                               0x08005ac0   Section       40  _printf_hex_int_ll_ptr.o(.constdata)
    uc_hextab                                0x08005ac0   Data          20  _printf_hex_int_ll_ptr.o(.constdata)
    lc_hextab                                0x08005ad4   Data          20  _printf_hex_int_ll_ptr.o(.constdata)
    .constdata                               0x08005ae8   Section      148  bigflt0.o(.constdata)
    tenpwrs_x                                0x08005ae8   Data          60  bigflt0.o(.constdata)
    tenpwrs_i                                0x08005b24   Data          64  bigflt0.o(.constdata)
    locale$$data                             0x08005b9c   Section       28  lc_numeric_c.o(locale$$data)
    __lcnum_c_name                           0x08005ba0   Data           2  lc_numeric_c.o(locale$$data)
    __lcnum_c_start                          0x08005ba8   Data           0  lc_numeric_c.o(locale$$data)
    __lcnum_c_point                          0x08005bb4   Data           0  lc_numeric_c.o(locale$$data)
    __lcnum_c_thousands                      0x08005bb6   Data           0  lc_numeric_c.o(locale$$data)
    __lcnum_c_grouping                       0x08005bb7   Data           0  lc_numeric_c.o(locale$$data)
    locale$$data                             0x08005bb8   Section      272  lc_ctype_c.o(locale$$data)
    __lcnum_c_end                            0x08005bb8   Data           0  lc_numeric_c.o(locale$$data)
    __lcctype_c_name                         0x08005bbc   Data           2  lc_ctype_c.o(locale$$data)
    __lcctype_c_start                        0x08005bc4   Data           0  lc_ctype_c.o(locale$$data)
    __lcctype_c_end                          0x08005cc8   Data           0  lc_ctype_c.o(locale$$data)
    .data                                    0x20000000   Section       60  main.o(.data)
    .data                                    0x2000003c   Section       20  system_stm32f10x.o(.data)
    .data                                    0x20000050   Section        1  key.o(.data)
    key_up                                   0x20000050   Data           1  key.o(.data)
    .data                                    0x20000052   Section        2  hc-sr04.o(.data)
    .data                                    0x20000054   Section       10  timer.o(.data)
    pwm_count                                0x2000005a   Data           2  timer.o(.data)
    timer0_count                             0x2000005c   Data           2  timer.o(.data)
    .data                                    0x2000005e   Section        4  delay.o(.data)
    fac_us                                   0x2000005e   Data           1  delay.o(.data)
    fac_ms                                   0x20000060   Data           2  delay.o(.data)
    .data                                    0x20000062   Section        8  usart.o(.data)
    .data                                    0x2000006a   Section       20  stm32f10x_rcc.o(.data)
    APBAHBPrescTable                         0x2000006a   Data          16  stm32f10x_rcc.o(.data)
    ADCPrescTable                            0x2000007a   Data           4  stm32f10x_rcc.o(.data)
    .bss                                     0x20000080   Section       32  main.o(.bss)
    .bss                                     0x200000a0   Section      512  usart.o(.bss)
    .bss                                     0x200002a0   Section       96  libspace.o(.bss)
    HEAP                                     0x20000300   Section      512  startup_stm32f10x_md.o(HEAP)
    Heap_Mem                                 0x20000300   Data         512  startup_stm32f10x_md.o(HEAP)
    STACK                                    0x20000500   Section     1024  startup_stm32f10x_md.o(STACK)
    Stack_Mem                                0x20000500   Data        1024  startup_stm32f10x_md.o(STACK)
    __initial_sp                             0x20000900   Data           0  startup_stm32f10x_md.o(STACK)

    Global Symbols

    Symbol Name                              Value     Ov Type        Size  Object(Section)

    BuildAttributes$$THM_ISAv4$P$D$K$B$S$PE$A:L22UL41UL21$X:L11$S22US41US21$IEEE1$IW$USESV6$~STKCKD$USESV7$~SHL$OTIME$ROPI$IEEEJ$EBA8$UX$STANDARDLIB$REQ8$PRES8$EABIv2 0x00000000   Number         0  anon$$obj.o ABSOLUTE
    __ARM_use_no_argv                        0x00000000   Number         0  main.o ABSOLUTE
    _printf_flags                            0x00000000   Number         0  printf_stubs.o ABSOLUTE
    _printf_return_value                     0x00000000   Number         0  printf_stubs.o ABSOLUTE
    _printf_sizespec                         0x00000000   Number         0  printf_stubs.o ABSOLUTE
    _printf_widthprec                        0x00000000   Number         0  printf_stubs.o ABSOLUTE
    __ARM_exceptions_init                     - Undefined Weak Reference
    __alloca_initialize                       - Undefined Weak Reference
    __arm_preinit_                            - Undefined Weak Reference
    __cpp_initialize__aeabi_                  - Undefined Weak Reference
    __cxa_finalize                            - Undefined Weak Reference
    __sigvec_lookup                           - Undefined Weak Reference
    _atexit_init                              - Undefined Weak Reference
    _call_atexit_fns                          - Undefined Weak Reference
    _clock_init                               - Undefined Weak Reference
    _fp_trap_init                             - Undefined Weak Reference
    _fp_trap_shutdown                         - Undefined Weak Reference
    _get_lc_collate                           - Undefined Weak Reference
    _get_lc_monetary                          - Undefined Weak Reference
    _get_lc_time                              - Undefined Weak Reference
    _getenv_init                              - Undefined Weak Reference
    _handle_redirection                       - Undefined Weak Reference
    _init_alloc                               - Undefined Weak Reference
    _init_user_alloc                          - Undefined Weak Reference
    _initio                                   - Undefined Weak Reference
    _printf_fp_hex                            - Undefined Weak Reference
    _printf_mbtowc                            - Undefined Weak Reference
    _printf_wc                                - Undefined Weak Reference
    _rand_init                                - Undefined Weak Reference
    _signal_finish                            - Undefined Weak Reference
    _signal_init                              - Undefined Weak Reference
    _terminate_alloc                          - Undefined Weak Reference
    _terminate_user_alloc                     - Undefined Weak Reference
    _terminateio                              - Undefined Weak Reference
    __Vectors_Size                           0x000000ec   Number         0  startup_stm32f10x_md.o ABSOLUTE
    __Vectors                                0x08000000   Data           4  startup_stm32f10x_md.o(RESET)
    __Vectors_End                            0x080000ec   Data           0  startup_stm32f10x_md.o(RESET)
    __main                                   0x080000ed   Thumb Code     8  __main.o(!!!main)
    __scatterload                            0x080000f5   Thumb Code     0  __scatter.o(!!!scatter)
    __scatterload_rt2                        0x080000f5   Thumb Code    44  __scatter.o(!!!scatter)
    __scatterload_rt2_thumb_only             0x080000f5   Thumb Code     0  __scatter.o(!!!scatter)
    __scatterload_null                       0x08000103   Thumb Code     0  __scatter.o(!!!scatter)
    __scatterload_copy                       0x08000129   Thumb Code    26  __scatter_copy.o(!!handler_copy)
    __scatterload_zeroinit                   0x08000145   Thumb Code    28  __scatter_zi.o(!!handler_zi)
    _printf_n                                0x08000161   Thumb Code     0  _printf_n.o(.ARM.Collect$$_printf_percent$$00000001)
    _printf_percent                          0x08000161   Thumb Code     0  _printf_percent.o(.ARM.Collect$$_printf_percent$$00000000)
    _printf_p                                0x08000167   Thumb Code     0  _printf_p.o(.ARM.Collect$$_printf_percent$$00000002)
    _printf_f                                0x0800016d   Thumb Code     0  _printf_f.o(.ARM.Collect$$_printf_percent$$00000003)
    _printf_e                                0x08000173   Thumb Code     0  _printf_e.o(.ARM.Collect$$_printf_percent$$00000004)
    _printf_g                                0x08000179   Thumb Code     0  _printf_g.o(.ARM.Collect$$_printf_percent$$00000005)
    _printf_a                                0x0800017f   Thumb Code     0  _printf_a.o(.ARM.Collect$$_printf_percent$$00000006)
    _printf_ll                               0x08000185   Thumb Code     0  _printf_ll.o(.ARM.Collect$$_printf_percent$$00000007)
    _printf_i                                0x0800018f   Thumb Code     0  _printf_i.o(.ARM.Collect$$_printf_percent$$00000008)
    _printf_d                                0x08000195   Thumb Code     0  _printf_d.o(.ARM.Collect$$_printf_percent$$00000009)
    _printf_u                                0x0800019b   Thumb Code     0  _printf_u.o(.ARM.Collect$$_printf_percent$$0000000A)
    _printf_o                                0x080001a1   Thumb Code     0  _printf_o.o(.ARM.Collect$$_printf_percent$$0000000B)
    _printf_x                                0x080001a7   Thumb Code     0  _printf_x.o(.ARM.Collect$$_printf_percent$$0000000C)
    _printf_lli                              0x080001ad   Thumb Code     0  _printf_lli.o(.ARM.Collect$$_printf_percent$$0000000D)
    _printf_lld                              0x080001b3   Thumb Code     0  _printf_lld.o(.ARM.Collect$$_printf_percent$$0000000E)
    _printf_llu                              0x080001b9   Thumb Code     0  _printf_llu.o(.ARM.Collect$$_printf_percent$$0000000F)
    _printf_llo                              0x080001bf   Thumb Code     0  _printf_llo.o(.ARM.Collect$$_printf_percent$$00000010)
    _printf_llx                              0x080001c5   Thumb Code     0  _printf_llx.o(.ARM.Collect$$_printf_percent$$00000011)
    _printf_l                                0x080001cb   Thumb Code     0  _printf_l.o(.ARM.Collect$$_printf_percent$$00000012)
    _printf_c                                0x080001d5   Thumb Code     0  _printf_c.o(.ARM.Collect$$_printf_percent$$00000013)
    _printf_s                                0x080001db   Thumb Code     0  _printf_s.o(.ARM.Collect$$_printf_percent$$00000014)
    _printf_lc                               0x080001e1   Thumb Code     0  _printf_lc.o(.ARM.Collect$$_printf_percent$$00000015)
    _printf_ls                               0x080001e7   Thumb Code     0  _printf_ls.o(.ARM.Collect$$_printf_percent$$00000016)
    _printf_percent_end                      0x080001ed   Thumb Code     0  _printf_percent_end.o(.ARM.Collect$$_printf_percent$$00000017)
    __rt_lib_init                            0x080001f1   Thumb Code     0  libinit.o(.ARM.Collect$$libinit$$00000000)
    __rt_lib_init_fp_1                       0x080001f3   Thumb Code     0  libinit2.o(.ARM.Collect$$libinit$$00000002)
    __rt_lib_init_heap_1                     0x080001f3   Thumb Code     0  libinit2.o(.ARM.Collect$$libinit$$0000000A)
    __rt_lib_init_lc_common                  0x080001f3   Thumb Code     0  libinit2.o(.ARM.Collect$$libinit$$0000000F)
    __rt_lib_init_preinit_1                  0x080001f3   Thumb Code     0  libinit2.o(.ARM.Collect$$libinit$$00000004)
    __rt_lib_init_rand_1                     0x080001f3   Thumb Code     0  libinit2.o(.ARM.Collect$$libinit$$0000000E)
    __rt_lib_init_user_alloc_1               0x080001f3   Thumb Code     0  libinit2.o(.ARM.Collect$$libinit$$0000000C)
    __rt_lib_init_lc_collate_1               0x080001f9   Thumb Code     0  libinit2.o(.ARM.Collect$$libinit$$00000011)
    __rt_lib_init_lc_ctype_2                 0x080001f9   Thumb Code     0  libinit2.o(.ARM.Collect$$libinit$$00000012)
    __rt_lib_init_lc_ctype_1                 0x08000205   Thumb Code     0  libinit2.o(.ARM.Collect$$libinit$$00000013)
    __rt_lib_init_lc_monetary_1              0x08000205   Thumb Code     0  libinit2.o(.ARM.Collect$$libinit$$00000015)
    __rt_lib_init_lc_numeric_2               0x08000205   Thumb Code     0  libinit2.o(.ARM.Collect$$libinit$$00000016)
    __rt_lib_init_alloca_1                   0x0800020f   Thumb Code     0  libinit2.o(.ARM.Collect$$libinit$$0000002E)
    __rt_lib_init_argv_1                     0x0800020f   Thumb Code     0  libinit2.o(.ARM.Collect$$libinit$$0000002C)
    __rt_lib_init_atexit_1                   0x0800020f   Thumb Code     0  libinit2.o(.ARM.Collect$$libinit$$0000001B)
    __rt_lib_init_clock_1                    0x0800020f   Thumb Code     0  libinit2.o(.ARM.Collect$$libinit$$00000021)
    __rt_lib_init_cpp_1                      0x0800020f   Thumb Code     0  libinit2.o(.ARM.Collect$$libinit$$00000032)
    __rt_lib_init_exceptions_1               0x0800020f   Thumb Code     0  libinit2.o(.ARM.Collect$$libinit$$00000030)
    __rt_lib_init_fp_trap_1                  0x0800020f   Thumb Code     0  libinit2.o(.ARM.Collect$$libinit$$0000001F)
    __rt_lib_init_getenv_1                   0x0800020f   Thumb Code     0  libinit2.o(.ARM.Collect$$libinit$$00000023)
    __rt_lib_init_lc_numeric_1               0x0800020f   Thumb Code     0  libinit2.o(.ARM.Collect$$libinit$$00000017)
    __rt_lib_init_lc_time_1                  0x0800020f   Thumb Code     0  libinit2.o(.ARM.Collect$$libinit$$00000019)
    __rt_lib_init_return                     0x0800020f   Thumb Code     0  libinit2.o(.ARM.Collect$$libinit$$00000033)
    __rt_lib_init_signal_1                   0x0800020f   Thumb Code     0  libinit2.o(.ARM.Collect$$libinit$$0000001D)
    __rt_lib_init_stdio_1                    0x0800020f   Thumb Code     0  libinit2.o(.ARM.Collect$$libinit$$00000025)
    __rt_lib_shutdown                        0x08000211   Thumb Code     0  libshutdown.o(.ARM.Collect$$libshutdown$$00000000)
    __rt_lib_shutdown_fp_trap_1              0x08000213   Thumb Code     0  libshutdown2.o(.ARM.Collect$$libshutdown$$00000006)
    __rt_lib_shutdown_heap_1                 0x08000213   Thumb Code     0  libshutdown2.o(.ARM.Collect$$libshutdown$$0000000E)
    __rt_lib_shutdown_return                 0x08000213   Thumb Code     0  libshutdown2.o(.ARM.Collect$$libshutdown$$0000000F)
    __rt_lib_shutdown_signal_1               0x08000213   Thumb Code     0  libshutdown2.o(.ARM.Collect$$libshutdown$$00000009)
    __rt_lib_shutdown_stdio_1                0x08000213   Thumb Code     0  libshutdown2.o(.ARM.Collect$$libshutdown$$00000003)
    __rt_lib_shutdown_user_alloc_1           0x08000213   Thumb Code     0  libshutdown2.o(.ARM.Collect$$libshutdown$$0000000B)
    __rt_entry                               0x08000215   Thumb Code     0  __rtentry.o(.ARM.Collect$$rtentry$$00000000)
    __rt_entry_presh_1                       0x08000215   Thumb Code     0  __rtentry2.o(.ARM.Collect$$rtentry$$00000002)
    __rt_entry_sh                            0x08000215   Thumb Code     0  __rtentry4.o(.ARM.Collect$$rtentry$$00000004)
    __rt_entry_li                            0x0800021b   Thumb Code     0  __rtentry2.o(.ARM.Collect$$rtentry$$0000000A)
    __rt_entry_postsh_1                      0x0800021b   Thumb Code     0  __rtentry2.o(.ARM.Collect$$rtentry$$00000009)
    __rt_entry_main                          0x0800021f   Thumb Code     0  __rtentry2.o(.ARM.Collect$$rtentry$$0000000D)
    __rt_entry_postli_1                      0x0800021f   Thumb Code     0  __rtentry2.o(.ARM.Collect$$rtentry$$0000000C)
    __rt_exit                                0x08000227   Thumb Code     0  rtexit.o(.ARM.Collect$$rtexit$$00000000)
    __rt_exit_ls                             0x08000229   Thumb Code     0  rtexit2.o(.ARM.Collect$$rtexit$$00000003)
    __rt_exit_prels_1                        0x08000229   Thumb Code     0  rtexit2.o(.ARM.Collect$$rtexit$$00000002)
    __rt_exit_exit                           0x0800022d   Thumb Code     0  rtexit2.o(.ARM.Collect$$rtexit$$00000004)
    Reset_Handler                            0x08000235   Thumb Code     8  startup_stm32f10x_md.o(.text)
    ADC1_2_IRQHandler                        0x0800024f   Thumb Code     0  startup_stm32f10x_md.o(.text)
    CAN1_RX1_IRQHandler                      0x0800024f   Thumb Code     0  startup_stm32f10x_md.o(.text)
    CAN1_SCE_IRQHandler                      0x0800024f   Thumb Code     0  startup_stm32f10x_md.o(.text)
    DMA1_Channel1_IRQHandler                 0x0800024f   Thumb Code     0  startup_stm32f10x_md.o(.text)
    DMA1_Channel2_IRQHandler                 0x0800024f   Thumb Code     0  startup_stm32f10x_md.o(.text)
    DMA1_Channel3_IRQHandler                 0x0800024f   Thumb Code     0  startup_stm32f10x_md.o(.text)
    DMA1_Channel4_IRQHandler                 0x0800024f   Thumb Code     0  startup_stm32f10x_md.o(.text)
    DMA1_Channel5_IRQHandler                 0x0800024f   Thumb Code     0  startup_stm32f10x_md.o(.text)
    DMA1_Channel6_IRQHandler                 0x0800024f   Thumb Code     0  startup_stm32f10x_md.o(.text)
    DMA1_Channel7_IRQHandler                 0x0800024f   Thumb Code     0  startup_stm32f10x_md.o(.text)
    EXTI0_IRQHandler                         0x0800024f   Thumb Code     0  startup_stm32f10x_md.o(.text)
    EXTI15_10_IRQHandler                     0x0800024f   Thumb Code     0  startup_stm32f10x_md.o(.text)
    EXTI1_IRQHandler                         0x0800024f   Thumb Code     0  startup_stm32f10x_md.o(.text)
    EXTI2_IRQHandler                         0x0800024f   Thumb Code     0  startup_stm32f10x_md.o(.text)
    EXTI3_IRQHandler                         0x0800024f   Thumb Code     0  startup_stm32f10x_md.o(.text)
    EXTI4_IRQHandler                         0x0800024f   Thumb Code     0  startup_stm32f10x_md.o(.text)
    EXTI9_5_IRQHandler                       0x0800024f   Thumb Code     0  startup_stm32f10x_md.o(.text)
    FLASH_IRQHandler                         0x0800024f   Thumb Code     0  startup_stm32f10x_md.o(.text)
    I2C1_ER_IRQHandler                       0x0800024f   Thumb Code     0  startup_stm32f10x_md.o(.text)
    I2C1_EV_IRQHandler                       0x0800024f   Thumb Code     0  startup_stm32f10x_md.o(.text)
    I2C2_ER_IRQHandler                       0x0800024f   Thumb Code     0  startup_stm32f10x_md.o(.text)
    I2C2_EV_IRQHandler                       0x0800024f   Thumb Code     0  startup_stm32f10x_md.o(.text)
    PVD_IRQHandler                           0x0800024f   Thumb Code     0  startup_stm32f10x_md.o(.text)
    RCC_IRQHandler                           0x0800024f   Thumb Code     0  startup_stm32f10x_md.o(.text)
    RTCAlarm_IRQHandler                      0x0800024f   Thumb Code     0  startup_stm32f10x_md.o(.text)
    RTC_IRQHandler                           0x0800024f   Thumb Code     0  startup_stm32f10x_md.o(.text)
    SPI1_IRQHandler                          0x0800024f   Thumb Code     0  startup_stm32f10x_md.o(.text)
    SPI2_IRQHandler                          0x0800024f   Thumb Code     0  startup_stm32f10x_md.o(.text)
    TAMPER_IRQHandler                        0x0800024f   Thumb Code     0  startup_stm32f10x_md.o(.text)
    TIM1_BRK_IRQHandler                      0x0800024f   Thumb Code     0  startup_stm32f10x_md.o(.text)
    TIM1_CC_IRQHandler                       0x0800024f   Thumb Code     0  startup_stm32f10x_md.o(.text)
    TIM1_TRG_COM_IRQHandler                  0x0800024f   Thumb Code     0  startup_stm32f10x_md.o(.text)
    TIM1_UP_IRQHandler                       0x0800024f   Thumb Code     0  startup_stm32f10x_md.o(.text)
    TIM4_IRQHandler                          0x0800024f   Thumb Code     0  startup_stm32f10x_md.o(.text)
    USART3_IRQHandler                        0x0800024f   Thumb Code     0  startup_stm32f10x_md.o(.text)
    USBWakeUp_IRQHandler                     0x0800024f   Thumb Code     0  startup_stm32f10x_md.o(.text)
    USB_HP_CAN1_TX_IRQHandler                0x0800024f   Thumb Code     0  startup_stm32f10x_md.o(.text)
    USB_LP_CAN1_RX0_IRQHandler               0x0800024f   Thumb Code     0  startup_stm32f10x_md.o(.text)
    WWDG_IRQHandler                          0x0800024f   Thumb Code     0  startup_stm32f10x_md.o(.text)
    __user_initial_stackheap                 0x08000251   Thumb Code     0  startup_stm32f10x_md.o(.text)
    __c89vsnprintf                           0x08000275   Thumb Code    48  c89vsnprintf.o(.text)
    __2sprintf                               0x080002a9   Thumb Code    38  __2sprintf.o(.text)
    _printf_pre_padding                      0x080002d5   Thumb Code    44  _printf_pad.o(.text)
    _printf_post_padding                     0x08000301   Thumb Code    34  _printf_pad.o(.text)
    _printf_int_dec                          0x08000325   Thumb Code   104  _printf_dec.o(.text)
    __printf                                 0x0800039d   Thumb Code   388  __printf_flags_ss_wp.o(.text)
    __use_two_region_memory                  0x08000525   Thumb Code     2  heapauxi.o(.text)
    __rt_heap_escrow$2region                 0x08000527   Thumb Code     2  heapauxi.o(.text)
    __rt_heap_expand$2region                 0x08000529   Thumb Code     2  heapauxi.o(.text)
    _printf_truncate_signed                  0x0800052b   Thumb Code    18  _printf_truncate.o(.text)
    _printf_truncate_unsigned                0x0800053d   Thumb Code    18  _printf_truncate.o(.text)
    _printf_str                              0x0800054f   Thumb Code    82  _printf_str.o(.text)
    _printf_int_common                       0x080005a1   Thumb Code   178  _printf_intcommon.o(.text)
    _printf_charcount                        0x08000653   Thumb Code    40  _printf_charcount.o(.text)
    _printf_char_common                      0x08000687   Thumb Code    32  _printf_char_common.o(.text)
    _sputc                                   0x080006ad   Thumb Code    10  _sputc.o(.text)
    _snputc                                  0x080006b7   Thumb Code    16  _snputc.o(.text)
    _printf_wctomb                           0x080006c9   Thumb Code   182  _printf_wctomb.o(.text)
    _printf_longlong_dec                     0x08000785   Thumb Code   108  _printf_longlong_dec.o(.text)
    _printf_longlong_oct                     0x08000801   Thumb Code    68  _printf_oct_int_ll.o(.text)
    _printf_int_oct                          0x08000845   Thumb Code    24  _printf_oct_int_ll.o(.text)
    _printf_ll_oct                           0x0800085d   Thumb Code    12  _printf_oct_int_ll.o(.text)
    _printf_longlong_hex                     0x08000871   Thumb Code    86  _printf_hex_int_ll_ptr.o(.text)
    _printf_int_hex                          0x080008c7   Thumb Code    28  _printf_hex_int_ll_ptr.o(.text)
    _printf_ll_hex                           0x080008e3   Thumb Code    12  _printf_hex_int_ll_ptr.o(.text)
    _printf_hex_ptr                          0x080008ef   Thumb Code    18  _printf_hex_int_ll_ptr.o(.text)
    _ll_udiv10                               0x08000905   Thumb Code   138  lludiv10.o(.text)
    __lib_sel_fp_printf                      0x0800098f   Thumb Code     2  _printf_fp_dec.o(.text)
    _printf_fp_dec_real                      0x08000b3d   Thumb Code   620  _printf_fp_dec.o(.text)
    _printf_cs_common                        0x08000da9   Thumb Code    20  _printf_char.o(.text)
    _printf_char                             0x08000dbd   Thumb Code    16  _printf_char.o(.text)
    _printf_string                           0x08000dcd   Thumb Code     8  _printf_char.o(.text)
    _printf_lcs_common                       0x08000dd5   Thumb Code    20  _printf_wchar.o(.text)
    _printf_wchar                            0x08000de9   Thumb Code    16  _printf_wchar.o(.text)
    _printf_wstring                          0x08000df9   Thumb Code     8  _printf_wchar.o(.text)
    _wcrtomb                                 0x08000e01   Thumb Code    64  _wcrtomb.o(.text)
    __user_setup_stackheap                   0x08000e41   Thumb Code    74  sys_stackheap_outer.o(.text)
    __rt_ctype_table                         0x08000e8d   Thumb Code    16  rt_ctype_table.o(.text)
    __rt_locale                              0x08000e9d   Thumb Code     8  rt_locale_intlibspace.o(.text)
    _printf_fp_infnan                        0x08000ea5   Thumb Code   112  _printf_fp_infnan.o(.text)
    _btod_etento                             0x08000f25   Thumb Code   216  bigflt0.o(.text)
    exit                                     0x08001001   Thumb Code    12  exit.o(.text)
    __user_libspace                          0x0800100d   Thumb Code     8  libspace.o(.text)
    __user_perproc_libspace                  0x0800100d   Thumb Code     0  libspace.o(.text)
    __user_perthread_libspace                0x0800100d   Thumb Code     0  libspace.o(.text)
    strcmp                                   0x08001015   Thumb Code   128  strcmpv7m.o(.text)
    _sys_exit                                0x08001095   Thumb Code     8  sys_exit.o(.text)
    __I$use$semihosting                      0x080010a1   Thumb Code     0  use_no_semi.o(.text)
    __use_no_semihosting_swi                 0x080010a1   Thumb Code     2  use_no_semi.o(.text)
    __semihosting_library_function           0x080010a3   Thumb Code     0  indicate_semi.o(.text)
    _btod_d2e                                0x080010a3   Thumb Code    62  btod.o(CL$$btod_d2e)
    _d2e_denorm_low                          0x080010e1   Thumb Code    70  btod.o(CL$$btod_d2e_denorm_low)
    _d2e_norm_op1                            0x08001127   Thumb Code    96  btod.o(CL$$btod_d2e_norm_op1)
    __btod_div_common                        0x08001187   Thumb Code   696  btod.o(CL$$btod_div_common)
    _e2e                                     0x080014bf   Thumb Code   198  btod.o(CL$$btod_e2e)
    _btod_ediv                               0x08001585   Thumb Code    40  btod.o(CL$$btod_ediv)
    _btod_emul                               0x080015ad   Thumb Code    40  btod.o(CL$$btod_emul)
    __btod_mult_common                       0x080015d5   Thumb Code   580  btod.o(CL$$btod_mult_common)
    ADC_Cmd                                  0x08001819   Thumb Code    22  stm32f10x_adc.o(i.ADC_Cmd)
    ADC_DeInit                               0x08001831   Thumb Code    78  stm32f10x_adc.o(i.ADC_DeInit)
    ADC_GetCalibrationStatus                 0x0800188d   Thumb Code    20  stm32f10x_adc.o(i.ADC_GetCalibrationStatus)
    ADC_GetConversionValue                   0x080018a1   Thumb Code     8  stm32f10x_adc.o(i.ADC_GetConversionValue)
    ADC_GetFlagStatus                        0x080018a9   Thumb Code    18  stm32f10x_adc.o(i.ADC_GetFlagStatus)
    ADC_GetResetCalibrationStatus            0x080018bb   Thumb Code    20  stm32f10x_adc.o(i.ADC_GetResetCalibrationStatus)
    ADC_Init                                 0x080018d1   Thumb Code    70  stm32f10x_adc.o(i.ADC_Init)
    ADC_RegularChannelConfig                 0x08001921   Thumb Code   184  stm32f10x_adc.o(i.ADC_RegularChannelConfig)
    ADC_ResetCalibration                     0x080019d9   Thumb Code    10  stm32f10x_adc.o(i.ADC_ResetCalibration)
    ADC_SoftwareStartConvCmd                 0x080019e3   Thumb Code    22  stm32f10x_adc.o(i.ADC_SoftwareStartConvCmd)
    ADC_StartCalibration                     0x080019f9   Thumb Code    10  stm32f10x_adc.o(i.ADC_StartCalibration)
    Adc_Init                                 0x08001a05   Thumb Code   132  adc.o(i.Adc_Init)
    BusFault_Handler                         0x08001a91   Thumb Code     4  stm32f10x_it.o(i.BusFault_Handler)
    Chiclet_Keyboard_Scan                    0x08001a95   Thumb Code   244  key.o(i.Chiclet_Keyboard_Scan)
    DHT11_Check                              0x08001b91   Thumb Code    74  dht11.o(i.DHT11_Check)
    DHT11_GPIO_IN                            0x08001be1   Thumb Code    40  dht11.o(i.DHT11_GPIO_IN)
    DHT11_GPIO_OUT                           0x08001c0d   Thumb Code    40  dht11.o(i.DHT11_GPIO_OUT)
    DHT11_Init                               0x08001c39   Thumb Code    58  dht11.o(i.DHT11_Init)
    DHT11_Read_Bit                           0x08001c79   Thumb Code    70  dht11.o(i.DHT11_Read_Bit)
    DHT11_Read_Byte                          0x08001cc5   Thumb Code    30  dht11.o(i.DHT11_Read_Byte)
    DHT11_Rst                                0x08001ce5   Thumb Code    34  dht11.o(i.DHT11_Rst)
    DebugMon_Handler                         0x08001d11   Thumb Code     2  stm32f10x_it.o(i.DebugMon_Handler)
    Delay_Init                               0x08001d15   Thumb Code    50  delay.o(i.Delay_Init)
    Delay_ms                                 0x08001d59   Thumb Code    72  delay.o(i.Delay_ms)
    Delay_us                                 0x08001da5   Thumb Code    72  delay.o(i.Delay_us)
    Dht11_Get_Temp_Humi_Value                0x08001df1   Thumb Code   104  dht11.o(i.Dht11_Get_Temp_Humi_Value)
    Display_function                         0x08001e59   Thumb Code  1414  main.o(i.Display_function)
    GPIO_Init                                0x080023fd   Thumb Code   278  stm32f10x_gpio.o(i.GPIO_Init)
    GPIO_ReadInputDataBit                    0x08002513   Thumb Code    18  stm32f10x_gpio.o(i.GPIO_ReadInputDataBit)
    GPIO_ResetBits                           0x08002525   Thumb Code     4  stm32f10x_gpio.o(i.GPIO_ResetBits)
    GPIO_SetBits                             0x08002529   Thumb Code     4  stm32f10x_gpio.o(i.GPIO_SetBits)
    Get_Adc                                  0x0800252d   Thumb Code    46  adc.o(i.Get_Adc)
    Get_Adc_Average                          0x08002561   Thumb Code    46  adc.o(i.Get_Adc_Average)
    Gpio_Init                                0x08002591   Thumb Code   104  gpio.o(i.Gpio_Init)
    HC_SR04_Init                             0x08002605   Thumb Code   204  hc-sr04.o(i.HC_SR04_Init)
    HardFault_Handler                        0x080026d9   Thumb Code     4  stm32f10x_it.o(i.HardFault_Handler)
    Hcsr04_GetDistance                       0x080026dd   Thumb Code   258  hc-sr04.o(i.Hcsr04_GetDistance)
    Key_Init                                 0x08002805   Thumb Code   272  key.o(i.Key_Init)
    Key_function                             0x08002919   Thumb Code   742  main.o(i.Key_function)
    Manage_function                          0x08002c4d   Thumb Code   384  main.o(i.Manage_function)
    MemManage_Handler                        0x08002e4d   Thumb Code     4  stm32f10x_it.o(i.MemManage_Handler)
    Monitor_function                         0x08002e51   Thumb Code   104  main.o(i.Monitor_function)
    Motor_Bujin_Init                         0x08002edd   Thumb Code   346  motor_bujin.o(i.Motor_Bujin_Init)
    Motor_Foreward                           0x08003041   Thumb Code   270  motor_bujin.o(i.Motor_Foreward)
    Motor_Foreward1                          0x08003159   Thumb Code   284  motor_bujin.o(i.Motor_Foreward1)
    Motor_Reversal                           0x0800327d   Thumb Code   270  motor_bujin.o(i.Motor_Reversal)
    Motor_Reversal1                          0x08003395   Thumb Code   284  motor_bujin.o(i.Motor_Reversal1)
    NMI_Handler                              0x080034bd   Thumb Code     2  stm32f10x_it.o(i.NMI_Handler)
    NVIC_Init                                0x080034c1   Thumb Code   100  misc.o(i.NVIC_Init)
    NVIC_PriorityGroupConfig                 0x08003531   Thumb Code    10  misc.o(i.NVIC_PriorityGroupConfig)
    Oled_Clear_All                           0x08003545   Thumb Code    56  oled.o(i.Oled_Clear_All)
    Oled_Delay                               0x0800357d   Thumb Code    12  oled.o(i.Oled_Delay)
    Oled_IIC_Start                           0x08003589   Thumb Code    52  oled.o(i.Oled_IIC_Start)
    Oled_IIC_Stop                            0x080035c5   Thumb Code    36  oled.o(i.Oled_IIC_Stop)
    Oled_Init                                0x080035f1   Thumb Code   240  oled.o(i.Oled_Init)
    Oled_Set_Pos                             0x080036e5   Thumb Code    40  oled.o(i.Oled_Set_Pos)
    Oled_ShowCHinese                         0x0800370d   Thumb Code   178  oled.o(i.Oled_ShowCHinese)
    Oled_ShowChar                            0x080037c5   Thumb Code    86  oled.o(i.Oled_ShowChar)
    Oled_ShowString                          0x08003821   Thumb Code    62  oled.o(i.Oled_ShowString)
    Oled_Write_IIC_Byte                      0x08003861   Thumb Code   122  oled.o(i.Oled_Write_IIC_Byte)
    Oled_Write_IIC_Com                       0x080038e9   Thumb Code    32  oled.o(i.Oled_Write_IIC_Com)
    Oled_Write_IIC_Dat                       0x08003909   Thumb Code    32  oled.o(i.Oled_Write_IIC_Dat)
    PendSV_Handler                           0x08003929   Thumb Code     2  stm32f10x_it.o(i.PendSV_Handler)
    RCC_ADCCLKConfig                         0x0800392d   Thumb Code    18  stm32f10x_rcc.o(i.RCC_ADCCLKConfig)
    RCC_APB1PeriphClockCmd                   0x08003945   Thumb Code    26  stm32f10x_rcc.o(i.RCC_APB1PeriphClockCmd)
    RCC_APB1PeriphResetCmd                   0x08003965   Thumb Code    26  stm32f10x_rcc.o(i.RCC_APB1PeriphResetCmd)
    RCC_APB2PeriphClockCmd                   0x08003985   Thumb Code    26  stm32f10x_rcc.o(i.RCC_APB2PeriphClockCmd)
    RCC_APB2PeriphResetCmd                   0x080039a5   Thumb Code    26  stm32f10x_rcc.o(i.RCC_APB2PeriphResetCmd)
    RCC_GetClocksFreq                        0x080039c5   Thumb Code   192  stm32f10x_rcc.o(i.RCC_GetClocksFreq)
    SVC_Handler                              0x08003a99   Thumb Code     2  stm32f10x_it.o(i.SVC_Handler)
    SysTick_CLKSourceConfig                  0x08003b85   Thumb Code    40  misc.o(i.SysTick_CLKSourceConfig)
    SysTick_Handler                          0x08003bad   Thumb Code     2  stm32f10x_it.o(i.SysTick_Handler)
    SystemInit                               0x08003bb1   Thumb Code    78  system_stm32f10x.o(i.SystemInit)
    TIM2_IRQHandler                          0x08003c11   Thumb Code   154  timer.o(i.TIM2_IRQHandler)
    TIM2_Init                                0x08003ccd   Thumb Code    92  timer.o(i.TIM2_Init)
    TIM3_IRQHandler                          0x08003d29   Thumb Code    32  hc-sr04.o(i.TIM3_IRQHandler)
    TIM_ClearFlag                            0x08003d51   Thumb Code     6  stm32f10x_tim.o(i.TIM_ClearFlag)
    TIM_ClearITPendingBit                    0x08003d57   Thumb Code     6  stm32f10x_tim.o(i.TIM_ClearITPendingBit)
    TIM_Cmd                                  0x08003d5d   Thumb Code    24  stm32f10x_tim.o(i.TIM_Cmd)
    TIM_DeInit                               0x08003d75   Thumb Code   424  stm32f10x_tim.o(i.TIM_DeInit)
    TIM_GetCounter                           0x08003f5d   Thumb Code     6  stm32f10x_tim.o(i.TIM_GetCounter)
    TIM_GetITStatus                          0x08003f63   Thumb Code    34  stm32f10x_tim.o(i.TIM_GetITStatus)
    TIM_ITConfig                             0x08003f85   Thumb Code    18  stm32f10x_tim.o(i.TIM_ITConfig)
    TIM_SetCounter                           0x08003f97   Thumb Code     4  stm32f10x_tim.o(i.TIM_SetCounter)
    TIM_TimeBaseInit                         0x08003f9d   Thumb Code   122  stm32f10x_tim.o(i.TIM_TimeBaseInit)
    USART1_IRQHandler                        0x08004041   Thumb Code    62  usart.o(i.USART1_IRQHandler)
    USART2_IRQHandler                        0x0800408d   Thumb Code    62  usart.o(i.USART2_IRQHandler)
    USART_ClearFlag                          0x080040d9   Thumb Code    18  stm32f10x_usart.o(i.USART_ClearFlag)
    USART_Cmd                                0x080040eb   Thumb Code    24  stm32f10x_usart.o(i.USART_Cmd)
    USART_GetFlagStatus                      0x08004103   Thumb Code    26  stm32f10x_usart.o(i.USART_GetFlagStatus)
    USART_GetITStatus                        0x0800411d   Thumb Code    84  stm32f10x_usart.o(i.USART_GetITStatus)
    USART_ITConfig                           0x08004171   Thumb Code    74  stm32f10x_usart.o(i.USART_ITConfig)
    USART_Init                               0x080041bd   Thumb Code   210  stm32f10x_usart.o(i.USART_Init)
    USART_SendData                           0x08004295   Thumb Code     8  stm32f10x_usart.o(i.USART_SendData)
    UsageFault_Handler                       0x0800429d   Thumb Code     4  stm32f10x_it.o(i.UsageFault_Handler)
    Usart2_Init                              0x080042a1   Thumb Code   164  usart.o(i.Usart2_Init)
    UsartPrintf                              0x0800434d   Thumb Code    72  usart.o(i.UsartPrintf)
    __ARM_fpclassify                         0x08004395   Thumb Code    40  fpclassify.o(i.__ARM_fpclassify)
    _is_digit                                0x080043bd   Thumb Code    14  __printf_wp.o(i._is_digit)
    main                                     0x080043cd   Thumb Code   144  main.o(i.main)
    _get_lc_numeric                          0x08004469   Thumb Code    44  lc_numeric_c.o(locale$$code)
    _get_lc_ctype                            0x08004495   Thumb Code    44  lc_ctype_c.o(locale$$code)
    __aeabi_d2f                              0x080044c1   Thumb Code     0  d2f.o(x$fpl$d2f)
    _d2f                                     0x080044c1   Thumb Code    98  d2f.o(x$fpl$d2f)
    __aeabi_dadd                             0x08004525   Thumb Code     0  daddsub_clz.o(x$fpl$dadd)
    _dadd                                    0x08004525   Thumb Code   332  daddsub_clz.o(x$fpl$dadd)
    __aeabi_ddiv                             0x08004675   Thumb Code     0  ddiv.o(x$fpl$ddiv)
    _ddiv                                    0x08004675   Thumb Code   552  ddiv.o(x$fpl$ddiv)
    __aeabi_d2uiz                            0x08004925   Thumb Code     0  dfixu.o(x$fpl$dfixu)
    _dfixu                                   0x08004925   Thumb Code    90  dfixu.o(x$fpl$dfixu)
    __aeabi_ui2d                             0x0800497f   Thumb Code     0  dflt_clz.o(x$fpl$dfltu)
    _dfltu                                   0x0800497f   Thumb Code    38  dflt_clz.o(x$fpl$dfltu)
    __aeabi_dmul                             0x080049a5   Thumb Code     0  dmul.o(x$fpl$dmul)
    _dmul                                    0x080049a5   Thumb Code   332  dmul.o(x$fpl$dmul)
    __fpl_dnaninf                            0x08004af9   Thumb Code   156  dnaninf.o(x$fpl$dnaninf)
    __fpl_dretinf                            0x08004b95   Thumb Code    12  dretinf.o(x$fpl$dretinf)
    __aeabi_dsub                             0x08004ba1   Thumb Code     0  daddsub_clz.o(x$fpl$dsub)
    _dsub                                    0x08004ba1   Thumb Code   464  daddsub_clz.o(x$fpl$dsub)
    __aeabi_fdiv                             0x08004d75   Thumb Code     0  fdiv.o(x$fpl$fdiv)
    _fdiv                                    0x08004d75   Thumb Code   384  fdiv.o(x$fpl$fdiv)
    __aeabi_f2uiz                            0x08004ef9   Thumb Code     0  ffixu.o(x$fpl$ffixu)
    _ffixu                                   0x08004ef9   Thumb Code    62  ffixu.o(x$fpl$ffixu)
    __aeabi_ui2f                             0x08004f39   Thumb Code     0  fflt_clz.o(x$fpl$ffltu)
    _ffltu                                   0x08004f39   Thumb Code    38  fflt_clz.o(x$fpl$ffltu)
    __aeabi_fmul                             0x08004f61   Thumb Code     0  fmul.o(x$fpl$fmul)
    _fmul                                    0x08004f61   Thumb Code   258  fmul.o(x$fpl$fmul)
    __fpl_fnaninf                            0x08005063   Thumb Code   140  fnaninf.o(x$fpl$fnaninf)
    __fpl_fretinf                            0x080050ef   Thumb Code    10  fretinf.o(x$fpl$fretinf)
    _printf_fp_dec                           0x080050f9   Thumb Code     4  printf1.o(x$fpl$printf1)
    OLED_F8X16                               0x080050fc   Data        1520  oled.o(.constdata)
    __I$use$fp                               0x080050fc   Number         0  usenofp.o(x$fpl$usenofp)
    OLED_HZK                                 0x080056ec   Data         952  oled.o(.constdata)
    Region$$Table$$Base                      0x08005b7c   Number         0  anon$$obj.o(Region$$Table)
    Region$$Table$$Limit                     0x08005b9c   Number         0  anon$$obj.o(Region$$Table)
    __ctype                                  0x08005bc5   Data           0  lc_ctype_c.o(locale$$data)
    key_num                                  0x20000000   Data           1  main.o(.data)
    flag_display                             0x20000001   Data           1  main.o(.data)
    flag_mode                                0x20000002   Data           1  main.o(.data)
    time_num                                 0x20000004   Data           4  main.o(.data)
    light_value                              0x20000008   Data           4  main.o(.data)
    light_max                                0x2000000c   Data           1  main.o(.data)
    light_min                                0x2000000d   Data           1  main.o(.data)
    temp_value                               0x2000000e   Data           2  main.o(.data)
    temp_max                                 0x20000010   Data           2  main.o(.data)
    temp_min                                 0x20000012   Data           2  main.o(.data)
    humi_value                               0x20000014   Data           2  main.o(.data)
    humi_max                                 0x20000016   Data           2  main.o(.data)
    humi_min                                 0x20000018   Data           2  main.o(.data)
    distance_value                           0x2000001c   Data           4  main.o(.data)
    distance_max                             0x20000020   Data           1  main.o(.data)
    distance_min                             0x20000021   Data           1  main.o(.data)
    time_all                                 0x20000024   Data           4  main.o(.data)
    time_set_h                               0x20000028   Data           2  main.o(.data)
    time_set_m                               0x2000002a   Data           2  main.o(.data)
    time_set_s                               0x2000002c   Data           2  main.o(.data)
    flag_time_end                            0x2000002e   Data           1  main.o(.data)
    flag_zuozi                               0x2000002f   Data           1  main.o(.data)
    flag_dj                                  0x20000030   Data           4  main.o(.data)
    flag_dj1                                 0x20000034   Data           4  main.o(.data)
    flag_zz                                  0x20000038   Data           1  main.o(.data)
    flag_fz                                  0x20000039   Data           1  main.o(.data)
    flag_zz1                                 0x2000003a   Data           1  main.o(.data)
    flag_fz1                                 0x2000003b   Data           1  main.o(.data)
    SystemCoreClock                          0x2000003c   Data           4  system_stm32f10x.o(.data)
    AHBPrescTable                            0x20000040   Data          16  system_stm32f10x.o(.data)
    msHcCount                                0x20000052   Data           2  hc-sr04.o(.data)
    pwm_value                                0x20000054   Data           4  timer.o(.data)
    flag_timer_begin                         0x20000058   Data           1  timer.o(.data)
    flag_1s                                  0x20000059   Data           1  timer.o(.data)
    usart1_cnt                               0x20000062   Data           2  usart.o(.data)
    usart1_cntPre                            0x20000064   Data           2  usart.o(.data)
    usart2_cnt                               0x20000066   Data           2  usart.o(.data)
    usart2_cntPre                            0x20000068   Data           2  usart.o(.data)
    display_buf                              0x20000080   Data          32  main.o(.bss)
    usart1_buf                               0x200000a0   Data         256  usart.o(.bss)
    usart2_buf                               0x200001a0   Data         256  usart.o(.bss)
    __libspace_start                         0x200002a0   Data          96  libspace.o(.bss)
    __temporary_stack_top$libspace           0x20000300   Data           0  libspace.o(.bss)



==============================================================================

Memory Map of the image

  Image Entry point : 0x080000ed

  Load Region LR_IROM1 (Base: 0x08000000, Size: 0x00005d48, Max: 0x00010000, ABSOLUTE)

    Execution Region ER_IROM1 (Base: 0x08000000, Size: 0x00005cc8, Max: 0x00010000, ABSOLUTE)

    Base Addr    Size         Type   Attr      Idx    E Section Name        Object

    0x08000000   0x000000ec   Data   RO          728    RESET               startup_stm32f10x_md.o
    0x080000ec   0x00000008   Code   RO         3135  * !!!main             c_w.l(__main.o)
    0x080000f4   0x00000034   Code   RO         3470    !!!scatter          c_w.l(__scatter.o)
    0x08000128   0x0000001a   Code   RO         3472    !!handler_copy      c_w.l(__scatter_copy.o)
    0x08000142   0x00000002   PAD
    0x08000144   0x0000001c   Code   RO         3474    !!handler_zi        c_w.l(__scatter_zi.o)
    0x08000160   0x00000000   Code   RO         3130    .ARM.Collect$$_printf_percent$$00000000  c_w.l(_printf_percent.o)
    0x08000160   0x00000006   Code   RO         3226    .ARM.Collect$$_printf_percent$$00000001  c_w.l(_printf_n.o)
    0x08000166   0x00000006   Code   RO         3228    .ARM.Collect$$_printf_percent$$00000002  c_w.l(_printf_p.o)
    0x0800016c   0x00000006   Code   RO         3232    .ARM.Collect$$_printf_percent$$00000003  c_w.l(_printf_f.o)
    0x08000172   0x00000006   Code   RO         3233    .ARM.Collect$$_printf_percent$$00000004  c_w.l(_printf_e.o)
    0x08000178   0x00000006   Code   RO         3234    .ARM.Collect$$_printf_percent$$00000005  c_w.l(_printf_g.o)
    0x0800017e   0x00000006   Code   RO         3235    .ARM.Collect$$_printf_percent$$00000006  c_w.l(_printf_a.o)
    0x08000184   0x0000000a   Code   RO         3240    .ARM.Collect$$_printf_percent$$00000007  c_w.l(_printf_ll.o)
    0x0800018e   0x00000006   Code   RO         3230    .ARM.Collect$$_printf_percent$$00000008  c_w.l(_printf_i.o)
    0x08000194   0x00000006   Code   RO         3129    .ARM.Collect$$_printf_percent$$00000009  c_w.l(_printf_d.o)
    0x0800019a   0x00000006   Code   RO         3231    .ARM.Collect$$_printf_percent$$0000000A  c_w.l(_printf_u.o)
    0x080001a0   0x00000006   Code   RO         3229    .ARM.Collect$$_printf_percent$$0000000B  c_w.l(_printf_o.o)
    0x080001a6   0x00000006   Code   RO         3227    .ARM.Collect$$_printf_percent$$0000000C  c_w.l(_printf_x.o)
    0x080001ac   0x00000006   Code   RO         3237    .ARM.Collect$$_printf_percent$$0000000D  c_w.l(_printf_lli.o)
    0x080001b2   0x00000006   Code   RO         3238    .ARM.Collect$$_printf_percent$$0000000E  c_w.l(_printf_lld.o)
    0x080001b8   0x00000006   Code   RO         3239    .ARM.Collect$$_printf_percent$$0000000F  c_w.l(_printf_llu.o)
    0x080001be   0x00000006   Code   RO         3244    .ARM.Collect$$_printf_percent$$00000010  c_w.l(_printf_llo.o)
    0x080001c4   0x00000006   Code   RO         3245    .ARM.Collect$$_printf_percent$$00000011  c_w.l(_printf_llx.o)
    0x080001ca   0x0000000a   Code   RO         3241    .ARM.Collect$$_printf_percent$$00000012  c_w.l(_printf_l.o)
    0x080001d4   0x00000006   Code   RO         3224    .ARM.Collect$$_printf_percent$$00000013  c_w.l(_printf_c.o)
    0x080001da   0x00000006   Code   RO         3225    .ARM.Collect$$_printf_percent$$00000014  c_w.l(_printf_s.o)
    0x080001e0   0x00000006   Code   RO         3242    .ARM.Collect$$_printf_percent$$00000015  c_w.l(_printf_lc.o)
    0x080001e6   0x00000006   Code   RO         3243    .ARM.Collect$$_printf_percent$$00000016  c_w.l(_printf_ls.o)
    0x080001ec   0x00000004   Code   RO         3236    .ARM.Collect$$_printf_percent$$00000017  c_w.l(_printf_percent_end.o)
    0x080001f0   0x00000002   Code   RO         3332    .ARM.Collect$$libinit$$00000000  c_w.l(libinit.o)
    0x080001f2   0x00000000   Code   RO         3348    .ARM.Collect$$libinit$$00000002  c_w.l(libinit2.o)
    0x080001f2   0x00000000   Code   RO         3350    .ARM.Collect$$libinit$$00000004  c_w.l(libinit2.o)
    0x080001f2   0x00000000   Code   RO         3353    .ARM.Collect$$libinit$$0000000A  c_w.l(libinit2.o)
    0x080001f2   0x00000000   Code   RO         3355    .ARM.Collect$$libinit$$0000000C  c_w.l(libinit2.o)
    0x080001f2   0x00000000   Code   RO         3357    .ARM.Collect$$libinit$$0000000E  c_w.l(libinit2.o)
    0x080001f2   0x00000006   Code   RO         3358    .ARM.Collect$$libinit$$0000000F  c_w.l(libinit2.o)
    0x080001f8   0x00000000   Code   RO         3360    .ARM.Collect$$libinit$$00000011  c_w.l(libinit2.o)
    0x080001f8   0x0000000c   Code   RO         3361    .ARM.Collect$$libinit$$00000012  c_w.l(libinit2.o)
    0x08000204   0x00000000   Code   RO         3362    .ARM.Collect$$libinit$$00000013  c_w.l(libinit2.o)
    0x08000204   0x00000000   Code   RO         3364    .ARM.Collect$$libinit$$00000015  c_w.l(libinit2.o)
    0x08000204   0x0000000a   Code   RO         3365    .ARM.Collect$$libinit$$00000016  c_w.l(libinit2.o)
    0x0800020e   0x00000000   Code   RO         3366    .ARM.Collect$$libinit$$00000017  c_w.l(libinit2.o)
    0x0800020e   0x00000000   Code   RO         3368    .ARM.Collect$$libinit$$00000019  c_w.l(libinit2.o)
    0x0800020e   0x00000000   Code   RO         3370    .ARM.Collect$$libinit$$0000001B  c_w.l(libinit2.o)
    0x0800020e   0x00000000   Code   RO         3372    .ARM.Collect$$libinit$$0000001D  c_w.l(libinit2.o)
    0x0800020e   0x00000000   Code   RO         3374    .ARM.Collect$$libinit$$0000001F  c_w.l(libinit2.o)
    0x0800020e   0x00000000   Code   RO         3376    .ARM.Collect$$libinit$$00000021  c_w.l(libinit2.o)
    0x0800020e   0x00000000   Code   RO         3378    .ARM.Collect$$libinit$$00000023  c_w.l(libinit2.o)
    0x0800020e   0x00000000   Code   RO         3380    .ARM.Collect$$libinit$$00000025  c_w.l(libinit2.o)
    0x0800020e   0x00000000   Code   RO         3384    .ARM.Collect$$libinit$$0000002C  c_w.l(libinit2.o)
    0x0800020e   0x00000000   Code   RO         3386    .ARM.Collect$$libinit$$0000002E  c_w.l(libinit2.o)
    0x0800020e   0x00000000   Code   RO         3388    .ARM.Collect$$libinit$$00000030  c_w.l(libinit2.o)
    0x0800020e   0x00000000   Code   RO         3390    .ARM.Collect$$libinit$$00000032  c_w.l(libinit2.o)
    0x0800020e   0x00000002   Code   RO         3391    .ARM.Collect$$libinit$$00000033  c_w.l(libinit2.o)
    0x08000210   0x00000002   Code   RO         3411    .ARM.Collect$$libshutdown$$00000000  c_w.l(libshutdown.o)
    0x08000212   0x00000000   Code   RO         3425    .ARM.Collect$$libshutdown$$00000003  c_w.l(libshutdown2.o)
    0x08000212   0x00000000   Code   RO         3428    .ARM.Collect$$libshutdown$$00000006  c_w.l(libshutdown2.o)
    0x08000212   0x00000000   Code   RO         3431    .ARM.Collect$$libshutdown$$00000009  c_w.l(libshutdown2.o)
    0x08000212   0x00000000   Code   RO         3433    .ARM.Collect$$libshutdown$$0000000B  c_w.l(libshutdown2.o)
    0x08000212   0x00000000   Code   RO         3436    .ARM.Collect$$libshutdown$$0000000E  c_w.l(libshutdown2.o)
    0x08000212   0x00000002   Code   RO         3437    .ARM.Collect$$libshutdown$$0000000F  c_w.l(libshutdown2.o)
    0x08000214   0x00000000   Code   RO         3177    .ARM.Collect$$rtentry$$00000000  c_w.l(__rtentry.o)
    0x08000214   0x00000000   Code   RO         3260    .ARM.Collect$$rtentry$$00000002  c_w.l(__rtentry2.o)
    0x08000214   0x00000006   Code   RO         3272    .ARM.Collect$$rtentry$$00000004  c_w.l(__rtentry4.o)
    0x0800021a   0x00000000   Code   RO         3262    .ARM.Collect$$rtentry$$00000009  c_w.l(__rtentry2.o)
    0x0800021a   0x00000004   Code   RO         3263    .ARM.Collect$$rtentry$$0000000A  c_w.l(__rtentry2.o)
    0x0800021e   0x00000000   Code   RO         3265    .ARM.Collect$$rtentry$$0000000C  c_w.l(__rtentry2.o)
    0x0800021e   0x00000008   Code   RO         3266    .ARM.Collect$$rtentry$$0000000D  c_w.l(__rtentry2.o)
    0x08000226   0x00000002   Code   RO         3340    .ARM.Collect$$rtexit$$00000000  c_w.l(rtexit.o)
    0x08000228   0x00000000   Code   RO         3393    .ARM.Collect$$rtexit$$00000002  c_w.l(rtexit2.o)
    0x08000228   0x00000004   Code   RO         3394    .ARM.Collect$$rtexit$$00000003  c_w.l(rtexit2.o)
    0x0800022c   0x00000006   Code   RO         3395    .ARM.Collect$$rtexit$$00000004  c_w.l(rtexit2.o)
    0x08000232   0x00000002   PAD
    0x08000234   0x00000040   Code   RO          729    .text               startup_stm32f10x_md.o
    0x08000274   0x00000034   Code   RO         3097    .text               c_w.l(c89vsnprintf.o)
    0x080002a8   0x0000002c   Code   RO         3099    .text               c_w.l(__2sprintf.o)
    0x080002d4   0x0000004e   Code   RO         3105    .text               c_w.l(_printf_pad.o)
    0x08000322   0x00000002   PAD
    0x08000324   0x00000078   Code   RO         3107    .text               c_w.l(_printf_dec.o)
    0x0800039c   0x00000188   Code   RO         3126    .text               c_w.l(__printf_flags_ss_wp.o)
    0x08000524   0x00000006   Code   RO         3133    .text               c_w.l(heapauxi.o)
    0x0800052a   0x00000024   Code   RO         3178    .text               c_w.l(_printf_truncate.o)
    0x0800054e   0x00000052   Code   RO         3180    .text               c_w.l(_printf_str.o)
    0x080005a0   0x000000b2   Code   RO         3182    .text               c_w.l(_printf_intcommon.o)
    0x08000652   0x00000028   Code   RO         3184    .text               c_w.l(_printf_charcount.o)
    0x0800067a   0x00000002   PAD
    0x0800067c   0x00000030   Code   RO         3186    .text               c_w.l(_printf_char_common.o)
    0x080006ac   0x0000000a   Code   RO         3188    .text               c_w.l(_sputc.o)
    0x080006b6   0x00000010   Code   RO         3190    .text               c_w.l(_snputc.o)
    0x080006c6   0x00000002   PAD
    0x080006c8   0x000000bc   Code   RO         3192    .text               c_w.l(_printf_wctomb.o)
    0x08000784   0x0000007c   Code   RO         3195    .text               c_w.l(_printf_longlong_dec.o)
    0x08000800   0x00000070   Code   RO         3201    .text               c_w.l(_printf_oct_int_ll.o)
    0x08000870   0x00000094   Code   RO         3221    .text               c_w.l(_printf_hex_int_ll_ptr.o)
    0x08000904   0x0000008a   Code   RO         3274    .text               c_w.l(lludiv10.o)
    0x0800098e   0x0000041a   Code   RO         3276    .text               c_w.l(_printf_fp_dec.o)
    0x08000da8   0x0000002c   Code   RO         3280    .text               c_w.l(_printf_char.o)
    0x08000dd4   0x0000002c   Code   RO         3282    .text               c_w.l(_printf_wchar.o)
    0x08000e00   0x00000040   Code   RO         3284    .text               c_w.l(_wcrtomb.o)
    0x08000e40   0x0000004a   Code   RO         3286    .text               c_w.l(sys_stackheap_outer.o)
    0x08000e8a   0x00000002   PAD
    0x08000e8c   0x00000010   Code   RO         3288    .text               c_w.l(rt_ctype_table.o)
    0x08000e9c   0x00000008   Code   RO         3293    .text               c_w.l(rt_locale_intlibspace.o)
    0x08000ea4   0x00000080   Code   RO         3295    .text               c_w.l(_printf_fp_infnan.o)
    0x08000f24   0x000000dc   Code   RO         3297    .text               c_w.l(bigflt0.o)
    0x08001000   0x0000000c   Code   RO         3325    .text               c_w.l(exit.o)
    0x0800100c   0x00000008   Code   RO         3337    .text               c_w.l(libspace.o)
    0x08001014   0x00000080   Code   RO         3345    .text               c_w.l(strcmpv7m.o)
    0x08001094   0x0000000c   Code   RO         3403    .text               c_w.l(sys_exit.o)
    0x080010a0   0x00000002   Code   RO         3414    .text               c_w.l(use_no_semi.o)
    0x080010a2   0x00000000   Code   RO         3416    .text               c_w.l(indicate_semi.o)
    0x080010a2   0x0000003e   Code   RO         3300    CL$$btod_d2e        c_w.l(btod.o)
    0x080010e0   0x00000046   Code   RO         3302    CL$$btod_d2e_denorm_low  c_w.l(btod.o)
    0x08001126   0x00000060   Code   RO         3301    CL$$btod_d2e_norm_op1  c_w.l(btod.o)
    0x08001186   0x00000338   Code   RO         3310    CL$$btod_div_common  c_w.l(btod.o)
    0x080014be   0x000000c6   Code   RO         3307    CL$$btod_e2e        c_w.l(btod.o)
    0x08001584   0x00000028   Code   RO         3304    CL$$btod_ediv       c_w.l(btod.o)
    0x080015ac   0x00000028   Code   RO         3303    CL$$btod_emul       c_w.l(btod.o)
    0x080015d4   0x00000244   Code   RO         3309    CL$$btod_mult_common  c_w.l(btod.o)
    0x08001818   0x00000016   Code   RO          775    i.ADC_Cmd           stm32f10x_adc.o
    0x0800182e   0x00000002   PAD
    0x08001830   0x0000005c   Code   RO          777    i.ADC_DeInit        stm32f10x_adc.o
    0x0800188c   0x00000014   Code   RO          783    i.ADC_GetCalibrationStatus  stm32f10x_adc.o
    0x080018a0   0x00000008   Code   RO          784    i.ADC_GetConversionValue  stm32f10x_adc.o
    0x080018a8   0x00000012   Code   RO          786    i.ADC_GetFlagStatus  stm32f10x_adc.o
    0x080018ba   0x00000014   Code   RO          789    i.ADC_GetResetCalibrationStatus  stm32f10x_adc.o
    0x080018ce   0x00000002   PAD
    0x080018d0   0x00000050   Code   RO          793    i.ADC_Init          stm32f10x_adc.o
    0x08001920   0x000000b8   Code   RO          797    i.ADC_RegularChannelConfig  stm32f10x_adc.o
    0x080019d8   0x0000000a   Code   RO          798    i.ADC_ResetCalibration  stm32f10x_adc.o
    0x080019e2   0x00000016   Code   RO          800    i.ADC_SoftwareStartConvCmd  stm32f10x_adc.o
    0x080019f8   0x0000000a   Code   RO          802    i.ADC_StartCalibration  stm32f10x_adc.o
    0x08001a02   0x00000002   PAD
    0x08001a04   0x0000008c   Code   RO          472    i.Adc_Init          adc.o
    0x08001a90   0x00000004   Code   RO          180    i.BusFault_Handler  stm32f10x_it.o
    0x08001a94   0x000000fc   Code   RO          315    i.Chiclet_Keyboard_Scan  key.o
    0x08001b90   0x00000050   Code   RO          418    i.DHT11_Check       dht11.o
    0x08001be0   0x0000002c   Code   RO          419    i.DHT11_GPIO_IN     dht11.o
    0x08001c0c   0x0000002c   Code   RO          420    i.DHT11_GPIO_OUT    dht11.o
    0x08001c38   0x00000040   Code   RO          421    i.DHT11_Init        dht11.o
    0x08001c78   0x0000004c   Code   RO          422    i.DHT11_Read_Bit    dht11.o
    0x08001cc4   0x0000001e   Code   RO          423    i.DHT11_Read_Byte   dht11.o
    0x08001ce2   0x00000002   PAD
    0x08001ce4   0x0000002c   Code   RO          424    i.DHT11_Rst         dht11.o
    0x08001d10   0x00000002   Code   RO          181    i.DebugMon_Handler  stm32f10x_it.o
    0x08001d12   0x00000002   PAD
    0x08001d14   0x00000044   Code   RO          581    i.Delay_Init        delay.o
    0x08001d58   0x0000004c   Code   RO          582    i.Delay_ms          delay.o
    0x08001da4   0x0000004c   Code   RO          583    i.Delay_us          delay.o
    0x08001df0   0x00000068   Code   RO          425    i.Dht11_Get_Temp_Humi_Value  dht11.o
    0x08001e58   0x000005a4   Code   RO            1    i.Display_function  main.o
    0x080023fc   0x00000116   Code   RO         1051    i.GPIO_Init         stm32f10x_gpio.o
    0x08002512   0x00000012   Code   RO         1055    i.GPIO_ReadInputDataBit  stm32f10x_gpio.o
    0x08002524   0x00000004   Code   RO         1058    i.GPIO_ResetBits    stm32f10x_gpio.o
    0x08002528   0x00000004   Code   RO         1059    i.GPIO_SetBits      stm32f10x_gpio.o
    0x0800252c   0x00000034   Code   RO          473    i.Get_Adc           adc.o
    0x08002560   0x0000002e   Code   RO          474    i.Get_Adc_Average   adc.o
    0x0800258e   0x00000002   PAD
    0x08002590   0x00000074   Code   RO          303    i.Gpio_Init         gpio.o
    0x08002604   0x000000d4   Code   RO          496    i.HC_SR04_Init      hc-sr04.o
    0x080026d8   0x00000004   Code   RO          182    i.HardFault_Handler  stm32f10x_it.o
    0x080026dc   0x00000128   Code   RO          497    i.Hcsr04_GetDistance  hc-sr04.o
    0x08002804   0x00000114   Code   RO          316    i.Key_Init          key.o
    0x08002918   0x00000334   Code   RO            2    i.Key_function      main.o
    0x08002c4c   0x00000200   Code   RO            3    i.Manage_function   main.o
    0x08002e4c   0x00000004   Code   RO          183    i.MemManage_Handler  stm32f10x_it.o
    0x08002e50   0x0000008c   Code   RO            4    i.Monitor_function  main.o
    0x08002edc   0x00000164   Code   RO          523    i.Motor_Bujin_Init  motor_bujin.o
    0x08003040   0x00000118   Code   RO          524    i.Motor_Foreward    motor_bujin.o
    0x08003158   0x00000124   Code   RO          525    i.Motor_Foreward1   motor_bujin.o
    0x0800327c   0x00000118   Code   RO          526    i.Motor_Reversal    motor_bujin.o
    0x08003394   0x00000128   Code   RO          527    i.Motor_Reversal1   motor_bujin.o
    0x080034bc   0x00000002   Code   RO          184    i.NMI_Handler       stm32f10x_it.o
    0x080034be   0x00000002   PAD
    0x080034c0   0x00000070   Code   RO          733    i.NVIC_Init         misc.o
    0x08003530   0x00000014   Code   RO          734    i.NVIC_PriorityGroupConfig  misc.o
    0x08003544   0x00000038   Code   RO          334    i.Oled_Clear_All    oled.o
    0x0800357c   0x0000000c   Code   RO          335    i.Oled_Delay        oled.o
    0x08003588   0x0000003c   Code   RO          336    i.Oled_IIC_Start    oled.o
    0x080035c4   0x0000002c   Code   RO          337    i.Oled_IIC_Stop     oled.o
    0x080035f0   0x000000f4   Code   RO          338    i.Oled_Init         oled.o
    0x080036e4   0x00000028   Code   RO          339    i.Oled_Set_Pos      oled.o
    0x0800370c   0x000000b8   Code   RO          340    i.Oled_ShowCHinese  oled.o
    0x080037c4   0x0000005c   Code   RO          341    i.Oled_ShowChar     oled.o
    0x08003820   0x0000003e   Code   RO          342    i.Oled_ShowString   oled.o
    0x0800385e   0x00000002   PAD
    0x08003860   0x00000088   Code   RO          343    i.Oled_Write_IIC_Byte  oled.o
    0x080038e8   0x00000020   Code   RO          344    i.Oled_Write_IIC_Com  oled.o
    0x08003908   0x00000020   Code   RO          345    i.Oled_Write_IIC_Dat  oled.o
    0x08003928   0x00000002   Code   RO          185    i.PendSV_Handler    stm32f10x_it.o
    0x0800392a   0x00000002   PAD
    0x0800392c   0x00000018   Code   RO         1537    i.RCC_ADCCLKConfig  stm32f10x_rcc.o
    0x08003944   0x00000020   Code   RO         1539    i.RCC_APB1PeriphClockCmd  stm32f10x_rcc.o
    0x08003964   0x00000020   Code   RO         1540    i.RCC_APB1PeriphResetCmd  stm32f10x_rcc.o
    0x08003984   0x00000020   Code   RO         1541    i.RCC_APB2PeriphClockCmd  stm32f10x_rcc.o
    0x080039a4   0x00000020   Code   RO         1542    i.RCC_APB2PeriphResetCmd  stm32f10x_rcc.o
    0x080039c4   0x000000d4   Code   RO         1549    i.RCC_GetClocksFreq  stm32f10x_rcc.o
    0x08003a98   0x00000002   Code   RO          186    i.SVC_Handler       stm32f10x_it.o
    0x08003a9a   0x00000008   Code   RO          269    i.SetSysClock       system_stm32f10x.o
    0x08003aa2   0x00000002   PAD
    0x08003aa4   0x000000e0   Code   RO          270    i.SetSysClockTo72   system_stm32f10x.o
    0x08003b84   0x00000028   Code   RO          737    i.SysTick_CLKSourceConfig  misc.o
    0x08003bac   0x00000002   Code   RO          187    i.SysTick_Handler   stm32f10x_it.o
    0x08003bae   0x00000002   PAD
    0x08003bb0   0x00000060   Code   RO          272    i.SystemInit        system_stm32f10x.o
    0x08003c10   0x000000bc   Code   RO          559    i.TIM2_IRQHandler   timer.o
    0x08003ccc   0x0000005c   Code   RO          560    i.TIM2_Init         timer.o
    0x08003d28   0x00000028   Code   RO          498    i.TIM3_IRQHandler   hc-sr04.o
    0x08003d50   0x00000006   Code   RO         2023    i.TIM_ClearFlag     stm32f10x_tim.o
    0x08003d56   0x00000006   Code   RO         2024    i.TIM_ClearITPendingBit  stm32f10x_tim.o
    0x08003d5c   0x00000018   Code   RO         2029    i.TIM_Cmd           stm32f10x_tim.o
    0x08003d74   0x000001e8   Code   RO         2034    i.TIM_DeInit        stm32f10x_tim.o
    0x08003f5c   0x00000006   Code   RO         2048    i.TIM_GetCounter    stm32f10x_tim.o
    0x08003f62   0x00000022   Code   RO         2050    i.TIM_GetITStatus   stm32f10x_tim.o
    0x08003f84   0x00000012   Code   RO         2054    i.TIM_ITConfig      stm32f10x_tim.o
    0x08003f96   0x00000004   Code   RO         2094    i.TIM_SetCounter    stm32f10x_tim.o
    0x08003f9a   0x00000002   PAD
    0x08003f9c   0x000000a4   Code   RO         2100    i.TIM_TimeBaseInit  stm32f10x_tim.o
    0x08004040   0x0000004c   Code   RO          637    i.USART1_IRQHandler  usart.o
    0x0800408c   0x0000004c   Code   RO          640    i.USART2_IRQHandler  usart.o
    0x080040d8   0x00000012   Code   RO         2561    i.USART_ClearFlag   stm32f10x_usart.o
    0x080040ea   0x00000018   Code   RO         2565    i.USART_Cmd         stm32f10x_usart.o
    0x08004102   0x0000001a   Code   RO         2568    i.USART_GetFlagStatus  stm32f10x_usart.o
    0x0800411c   0x00000054   Code   RO         2569    i.USART_GetITStatus  stm32f10x_usart.o
    0x08004170   0x0000004a   Code   RO         2571    i.USART_ITConfig    stm32f10x_usart.o
    0x080041ba   0x00000002   PAD
    0x080041bc   0x000000d8   Code   RO         2572    i.USART_Init        stm32f10x_usart.o
    0x08004294   0x00000008   Code   RO         2582    i.USART_SendData    stm32f10x_usart.o
    0x0800429c   0x00000004   Code   RO          188    i.UsageFault_Handler  stm32f10x_it.o
    0x080042a0   0x000000ac   Code   RO          643    i.Usart2_Init       usart.o
    0x0800434c   0x00000048   Code   RO          644    i.UsartPrintf       usart.o
    0x08004394   0x00000028   Code   RO         3335    i.__ARM_fpclassify  m_ws.l(fpclassify.o)
    0x080043bc   0x0000000e   Code   RO         3119    i._is_digit         c_w.l(__printf_wp.o)
    0x080043ca   0x00000002   PAD
    0x080043cc   0x0000009c   Code   RO            5    i.main              main.o
    0x08004468   0x0000002c   Code   RO         3323    locale$$code        c_w.l(lc_numeric_c.o)
    0x08004494   0x0000002c   Code   RO         3343    locale$$code        c_w.l(lc_ctype_c.o)
    0x080044c0   0x00000062   Code   RO         3137    x$fpl$d2f           fz_ws.l(d2f.o)
    0x08004522   0x00000002   PAD
    0x08004524   0x00000150   Code   RO         3139    x$fpl$dadd          fz_ws.l(daddsub_clz.o)
    0x08004674   0x000002b0   Code   RO         3146    x$fpl$ddiv          fz_ws.l(ddiv.o)
    0x08004924   0x0000005a   Code   RO         3149    x$fpl$dfixu         fz_ws.l(dfixu.o)
    0x0800497e   0x00000026   Code   RO         3153    x$fpl$dfltu         fz_ws.l(dflt_clz.o)
    0x080049a4   0x00000154   Code   RO         3159    x$fpl$dmul          fz_ws.l(dmul.o)
    0x08004af8   0x0000009c   Code   RO         3248    x$fpl$dnaninf       fz_ws.l(dnaninf.o)
    0x08004b94   0x0000000c   Code   RO         3250    x$fpl$dretinf       fz_ws.l(dretinf.o)
    0x08004ba0   0x000001d4   Code   RO         3141    x$fpl$dsub          fz_ws.l(daddsub_clz.o)
    0x08004d74   0x00000184   Code   RO         3162    x$fpl$fdiv          fz_ws.l(fdiv.o)
    0x08004ef8   0x0000003e   Code   RO         3165    x$fpl$ffixu         fz_ws.l(ffixu.o)
    0x08004f36   0x00000002   PAD
    0x08004f38   0x00000026   Code   RO         3169    x$fpl$ffltu         fz_ws.l(fflt_clz.o)
    0x08004f5e   0x00000002   PAD
    0x08004f60   0x00000102   Code   RO         3175    x$fpl$fmul          fz_ws.l(fmul.o)
    0x08005062   0x0000008c   Code   RO         3252    x$fpl$fnaninf       fz_ws.l(fnaninf.o)
    0x080050ee   0x0000000a   Code   RO         3254    x$fpl$fretinf       fz_ws.l(fretinf.o)
    0x080050f8   0x00000004   Code   RO         3256    x$fpl$printf1       fz_ws.l(printf1.o)
    0x080050fc   0x00000000   Code   RO         3258    x$fpl$usenofp       fz_ws.l(usenofp.o)
    0x080050fc   0x000009a8   Data   RO          346    .constdata          oled.o
    0x08005aa4   0x00000011   Data   RO         3127    .constdata          c_w.l(__printf_flags_ss_wp.o)
    0x08005ab5   0x00000003   PAD
    0x08005ab8   0x00000008   Data   RO         3193    .constdata          c_w.l(_printf_wctomb.o)
    0x08005ac0   0x00000028   Data   RO         3222    .constdata          c_w.l(_printf_hex_int_ll_ptr.o)
    0x08005ae8   0x00000094   Data   RO         3298    .constdata          c_w.l(bigflt0.o)
    0x08005b7c   0x00000020   Data   RO         3468    Region$$Table       anon$$obj.o
    0x08005b9c   0x0000001c   Data   RO         3322    locale$$data        c_w.l(lc_numeric_c.o)
    0x08005bb8   0x00000110   Data   RO         3342    locale$$data        c_w.l(lc_ctype_c.o)


    Execution Region RW_IRAM1 (Base: 0x20000000, Size: 0x00000900, Max: 0x00005000, ABSOLUTE)

    Base Addr    Size         Type   Attr      Idx    E Section Name        Object

    0x20000000   0x0000003c   Data   RW            7    .data               main.o
    0x2000003c   0x00000014   Data   RW          273    .data               system_stm32f10x.o
    0x20000050   0x00000001   Data   RW          317    .data               key.o
    0x20000051   0x00000001   PAD
    0x20000052   0x00000002   Data   RW          499    .data               hc-sr04.o
    0x20000054   0x0000000a   Data   RW          561    .data               timer.o
    0x2000005e   0x00000004   Data   RW          584    .data               delay.o
    0x20000062   0x00000008   Data   RW          647    .data               usart.o
    0x2000006a   0x00000014   Data   RW         1569    .data               stm32f10x_rcc.o
    0x2000007e   0x00000002   PAD
    0x20000080   0x00000020   Zero   RW            6    .bss                main.o
    0x200000a0   0x00000200   Zero   RW          646    .bss                usart.o
    0x200002a0   0x00000060   Zero   RW         3338    .bss                c_w.l(libspace.o)
    0x20000300   0x00000200   Zero   RW          727    HEAP                startup_stm32f10x_md.o
    0x20000500   0x00000400   Zero   RW          726    STACK               startup_stm32f10x_md.o


==============================================================================

Image component sizes


      Code (inc. data)   RO Data    RW Data    ZI Data      Debug   Object Name

       238         14          0          0          0       1759   adc.o
       220         26          0          4          0       1727   delay.o
       486         36          0          0          0       4839   dht11.o
       116         12          0          0          0        536   gpio.o
       548         54          0          2          0       2266   hc-sr04.o
       528         12          0          1          0       1411   key.o
      3072        666          0         60         32     266125   main.o
       172         22          0          0          0       2081   misc.o
      1504         50          0          0          0       3653   motor_bujin.o
       994         46       2472          0          0       7553   oled.o
        64         26        236          0       1536        796   startup_stm32f10x_md.o
       486         24          0          0          0       8586   stm32f10x_adc.o
       304          0          0          0          0       3664   stm32f10x_gpio.o
        26          0          0          0          0       3770   stm32f10x_it.o
       364         50          0         20          0       6163   stm32f10x_rcc.o
       750        106          0          0          0       5969   stm32f10x_tim.o
       450          6          0          0          0       6167   stm32f10x_usart.o
         0          0          0          0          0         32   sys.o
       328         28          0         20          0       2113   system_stm32f10x.o
       280         34          0         10          0       1575   timer.o
       396         36          0          8        512       3894   usart.o

    ----------------------------------------------------------------------
     11352       1248       2740        128       2080     334679   Object Totals
         0          0         32          0          0          0   (incl. Generated)
        26          0          0          3          0          0   (incl. Padding)

    ----------------------------------------------------------------------

      Code (inc. data)   RO Data    RW Data    ZI Data      Debug   Library Member Name

        44          6          0          0          0         84   __2sprintf.o
         8          0          0          0          0         68   __main.o
       392          4         17          0          0         92   __printf_flags_ss_wp.o
        14          0          0          0          0         68   __printf_wp.o
         0          0          0          0          0          0   __rtentry.o
        12          0          0          0          0          0   __rtentry2.o
         6          0          0          0          0          0   __rtentry4.o
        52          8          0          0          0          0   __scatter.o
        26          0          0          0          0          0   __scatter_copy.o
        28          0          0          0          0          0   __scatter_zi.o
         6          0          0          0          0          0   _printf_a.o
         6          0          0          0          0          0   _printf_c.o
        44          0          0          0          0        108   _printf_char.o
        48          6          0          0          0         96   _printf_char_common.o
        40          0          0          0          0         68   _printf_charcount.o
         6          0          0          0          0          0   _printf_d.o
       120         16          0          0          0         92   _printf_dec.o
         6          0          0          0          0          0   _printf_e.o
         6          0          0          0          0          0   _printf_f.o
      1050          0          0          0          0        216   _printf_fp_dec.o
       128         16          0          0          0         84   _printf_fp_infnan.o
         6          0          0          0          0          0   _printf_g.o
       148          4         40          0          0        160   _printf_hex_int_ll_ptr.o
         6          0          0          0          0          0   _printf_i.o
       178          0          0          0          0         88   _printf_intcommon.o
        10          0          0          0          0          0   _printf_l.o
         6          0          0          0          0          0   _printf_lc.o
        10          0          0          0          0          0   _printf_ll.o
         6          0          0          0          0          0   _printf_lld.o
         6          0          0          0          0          0   _printf_lli.o
         6          0          0          0          0          0   _printf_llo.o
         6          0          0          0          0          0   _printf_llu.o
         6          0          0          0          0          0   _printf_llx.o
       124         16          0          0          0         92   _printf_longlong_dec.o
         6          0          0          0          0          0   _printf_ls.o
         6          0          0          0          0          0   _printf_n.o
         6          0          0          0          0          0   _printf_o.o
       112          8          0          0          0        124   _printf_oct_int_ll.o
         6          0          0          0          0          0   _printf_p.o
        78          0          0          0          0        108   _printf_pad.o
         0          0          0          0          0          0   _printf_percent.o
         4          0          0          0          0          0   _printf_percent_end.o
         6          0          0          0          0          0   _printf_s.o
        82          0          0          0          0         80   _printf_str.o
        36          0          0          0          0         84   _printf_truncate.o
         6          0          0          0          0          0   _printf_u.o
        44          0          0          0          0        108   _printf_wchar.o
       188          6          8          0          0         92   _printf_wctomb.o
         6          0          0          0          0          0   _printf_x.o
        16          0          0          0          0         68   _snputc.o
        10          0          0          0          0         68   _sputc.o
        64          0          0          0          0         92   _wcrtomb.o
       220          4        148          0          0         96   bigflt0.o
      1910        128          0          0          0        672   btod.o
        52          4          0          0          0         80   c89vsnprintf.o
        12          0          0          0          0         72   exit.o
         6          0          0          0          0        152   heapauxi.o
         0          0          0          0          0          0   indicate_semi.o
        44         10        272          0          0         76   lc_ctype_c.o
        44         10         28          0          0         76   lc_numeric_c.o
         2          0          0          0          0          0   libinit.o
        30          0          0          0          0          0   libinit2.o
         2          0          0          0          0          0   libshutdown.o
         2          0          0          0          0          0   libshutdown2.o
         8          4          0          0         96         68   libspace.o
       138          0          0          0          0         80   lludiv10.o
        16          4          0          0          0         76   rt_ctype_table.o
         8          4          0          0          0         68   rt_locale_intlibspace.o
         2          0          0          0          0          0   rtexit.o
        10          0          0          0          0          0   rtexit2.o
       128          0          0          0          0         68   strcmpv7m.o
        12          4          0          0          0         68   sys_exit.o
        74          0          0          0          0         80   sys_stackheap_outer.o
         2          0          0          0          0         68   use_no_semi.o
        98          4          0          0          0         92   d2f.o
       804         16          0          0          0        272   daddsub_clz.o
       688        140          0          0          0        208   ddiv.o
        90          4          0          0          0         92   dfixu.o
        38          0          0          0          0         68   dflt_clz.o
       340         12          0          0          0        104   dmul.o
       156          4          0          0          0         92   dnaninf.o
        12          0          0          0          0         68   dretinf.o
       388         76          0          0          0         96   fdiv.o
        62          4          0          0          0         84   ffixu.o
        38          0          0          0          0         68   fflt_clz.o
       258          4          0          0          0         84   fmul.o
       140          4          0          0          0         84   fnaninf.o
        10          0          0          0          0         68   fretinf.o
         4          0          0          0          0         68   printf1.o
         0          0          0          0          0          0   usenofp.o
        40          0          0          0          0         68   fpclassify.o

    ----------------------------------------------------------------------
      9144        530        516          0         96       5556   Library Totals
        20          0          3          0          0          0   (incl. Padding)

    ----------------------------------------------------------------------

      Code (inc. data)   RO Data    RW Data    ZI Data      Debug   Library Name

      5958        262        513          0         96       3940   c_w.l
      3126        268          0          0          0       1548   fz_ws.l
        40          0          0          0          0         68   m_ws.l

    ----------------------------------------------------------------------
      9144        530        516          0         96       5556   Library Totals

    ----------------------------------------------------------------------

==============================================================================


      Code (inc. data)   RO Data    RW Data    ZI Data      Debug   

     20496       1778       3256        128       2176     332223   Grand Totals
     20496       1778       3256        128       2176     332223   ELF Image Totals
     20496       1778       3256        128          0          0   ROM Totals

==============================================================================

    Total RO  Size (Code + RO Data)                23752 (  23.20kB)
    Total RW  Size (RW Data + ZI Data)              2304 (   2.25kB)
    Total ROM Size (Code + RO Data + RW Data)      23880 (  23.32kB)

==============================================================================

